
 Start         Length     Name                   Class
 0001:00000000 00150C8CH .text                   CODE
 0002:00000000 00005058H .data                   DATA
 0002:00005058 00001335H .bss                    BSS


Detailed map of segments

 0001:00000000 00006047 C=CODE     S=.text    G=(none)   M=System   ACBP=A9
 0001:00006048 00000140 C=CODE     S=.text    G=(none)   M=SysInit  ACBP=A9
 0001:00006188 00000090 C=CODE     S=.text    G=(none)   M=Types    ACBP=A9
 0001:00006218 00000E5C C=CODE     S=.text    G=(none)   M=Windows  ACBP=A9
 0001:00007074 00000038 C=CODE     S=.text    G=(none)   M=Messages ACBP=A9
 0001:000070AC 00000398 C=CODE     S=.text    G=(none)   M=SysConst ACBP=A9
 0001:00007444 00008394 C=CODE     S=.text    G=(none)   M=SysUtils ACBP=A9
 0001:0000F7D8 00000AC7 C=CODE     S=.text    G=(none)   M=VarUtils ACBP=A9
 0001:000102A0 00009C52 C=CODE     S=.text    G=(none)   M=Variants ACBP=A9
 0001:00019EF4 000001D0 C=CODE     S=.text    G=(none)   M=RTLConsts ACBP=A9
 0001:0001A0C4 0000192C C=CODE     S=.text    G=(none)   M=TypInfo  ACBP=A9
 0001:0001B9F0 0000025C C=CODE     S=.text    G=(none)   M=ActiveX  ACBP=A9
 0001:0001BC4C 0000F9BE C=CODE     S=.text    G=(none)   M=Classes  ACBP=A9
 0001:0002B60C 00000368 C=CODE     S=.text    G=(none)   M=Consts   ACBP=A9
 0001:0002B974 00008E5F C=CODE     S=.text    G=(none)   M=Graphics ACBP=A9
 0001:000347D4 0000009C C=CODE     S=.text    G=(none)   M=Math     ACBP=A9
 0001:00034870 000003B0 C=CODE     S=.text    G=(none)   M=Contnrs  ACBP=A9
 0001:00034C20 00000198 C=CODE     S=.text    G=(none)   M=CommCtrl ACBP=A9
 0001:00034DB8 00000787 C=CODE     S=.text    G=(none)   M=MultiMon ACBP=A9
 0001:00035540 00000038 C=CODE     S=.text    G=(none)   M=Imm      ACBP=A9
 0001:00035578 00000FF8 C=CODE     S=.text    G=(none)   M=HelpIntfs ACBP=A9
 0001:00036570 00000038 C=CODE     S=.text    G=(none)   M=WinSpool ACBP=A9
 0001:000365A8 00000044 C=CODE     S=.text    G=(none)   M=Printers ACBP=A9
 0001:000365EC 0000031F C=CODE     S=.text    G=(none)   M=FlatSB   ACBP=A9
 0001:0003690C 000003F0 C=CODE     S=.text    G=(none)   M=SyncObjs ACBP=A9
 0001:00036CFC 000009BB C=CODE     S=.text    G=(none)   M=UxTheme  ACBP=A9
 0001:000376B8 00000038 C=CODE     S=.text    G=(none)   M=RichEdit ACBP=A9
 0001:000376F0 00000038 C=CODE     S=.text    G=(none)   M=ToolWin  ACBP=A9
 0001:00037728 00000038 C=CODE     S=.text    G=(none)   M=ShellAPI ACBP=A9
 0001:00037760 00000038 C=CODE     S=.text    G=(none)   M=RegStr   ACBP=A9
 0001:00037798 00000038 C=CODE     S=.text    G=(none)   M=WinInet  ACBP=A9
 0001:000377D0 00000038 C=CODE     S=.text    G=(none)   M=UrlMon   ACBP=A9
 0001:00037808 00000038 C=CODE     S=.text    G=(none)   M=ShlObj   ACBP=A9
 0001:00037840 00000038 C=CODE     S=.text    G=(none)   M=CommDlg  ACBP=A9
 0001:00037878 00000038 C=CODE     S=.text    G=(none)   M=Dlgs     ACBP=A9
 0001:000378B0 0000132D C=CODE     S=.text    G=(none)   M=Dialogs  ACBP=A9
 0001:00038BE0 0000241E C=CODE     S=.text    G=(none)   M=ExtCtrls ACBP=A9
 0001:0003B000 00000078 C=CODE     S=.text    G=(none)   M=ComStrs  ACBP=A9
 0001:0003B078 00000094 C=CODE     S=.text    G=(none)   M=Clipbrd  ACBP=A9
 0001:0003B10C 000000EC C=CODE     S=.text    G=(none)   M=StrUtils ACBP=A9
 0001:0003B1F8 00002731 C=CODE     S=.text    G=(none)   M=Buttons  ACBP=A9
 0001:0003D92C 00000038 C=CODE     S=.text    G=(none)   M=ExtDlgs  ACBP=A9
 0001:0003D964 00001F9C C=CODE     S=.text    G=(none)   M=IniFiles ACBP=A9
 0001:0003F900 00000068 C=CODE     S=.text    G=(none)   M=Registry ACBP=A9
 0001:0003F968 0000006C C=CODE     S=.text    G=(none)   M=Mapi     ACBP=A9
 0001:0003F9D4 00000058 C=CODE     S=.text    G=(none)   M=ExtActns ACBP=A9
 0001:0003FA2C 00000038 C=CODE     S=.text    G=(none)   M=ListActns ACBP=A9
 0001:0003FA64 00003A80 C=CODE     S=.text    G=(none)   M=ComCtrls ACBP=A9
 0001:000434E4 00000CDC C=CODE     S=.text    G=(none)   M=Themes   ACBP=A9
 0001:000441C0 0000ADF4 C=CODE     S=.text    G=(none)   M=StdCtrls ACBP=A9
 0001:0004EFB4 00000168 C=CODE     S=.text    G=(none)   M=StdActns ACBP=A9
 0001:0004F11C 00000D1F C=CODE     S=.text    G=(none)   M=WinHelpViewer ACBP=A9
 0001:0004FE3C 0001125F C=CODE     S=.text    G=(none)   M=Controls ACBP=A9
 0001:0006109C 00001292 C=CODE     S=.text    G=(none)   M=ActnList ACBP=A9
 0001:00062330 00001B9C C=CODE     S=.text    G=(none)   M=ImgList  ACBP=A9
 0001:00063ECC 00006639 C=CODE     S=.text    G=(none)   M=Menus    ACBP=A9
 0001:0006A508 0000C558 C=CODE     S=.text    G=(none)   M=Forms    ACBP=A9
 0001:00076A60 00000078 C=CODE     S=.text    G=(none)   M=WinSvc   ACBP=A9
 0001:00076AD8 000024FD C=CODE     S=.text    G=(none)   M=SvcMgr   ACBP=A9
 0001:00078FD8 000009E0 C=CODE     S=.text    G=(none)   M=MaskUtils ACBP=A9
 0001:000799B8 000000AC C=CODE     S=.text    G=(none)   M=DateUtils ACBP=A9
 0001:00079A64 00000290 C=CODE     S=.text    G=(none)   M=DBConsts ACBP=A9
 0001:00079CF4 00000F73 C=CODE     S=.text    G=(none)   M=SqlTimSt ACBP=A9
 0001:0007AC68 00004AFB C=CODE     S=.text    G=(none)   M=FMTBcd   ACBP=A9
 0001:0007F764 000000A0 C=CODE     S=.text    G=(none)   M=ComConst ACBP=A9
 0001:0007F804 00002FFD C=CODE     S=.text    G=(none)   M=ComObj   ACBP=A9
 0001:00082804 00015A58 C=CODE     S=.text    G=(none)   M=DB       ACBP=A9
 0001:0009825C 00000040 C=CODE     S=.text    G=(none)   M=FileCtrl ACBP=A9
 0001:0009829C 00004587 C=CODE     S=.text    G=(none)   M=OracleCI ACBP=A9
 0001:0009C824 00002669 C=CODE     S=.text    G=(none)   M=OracleLogon ACBP=A9
 0001:0009EE90 00003F08 C=CODE     S=.text    G=(none)   M=DBCommon ACBP=A9
 0001:000A2D98 00003ED0 C=CODE     S=.text    G=(none)   M=OracleFilter ACBP=A9
 0001:000A6C68 00001063 C=CODE     S=.text    G=(none)   M=OracleCompress ACBP=A9
 0001:000A7CCC 00000378 C=CODE     S=.text    G=(none)   M=OracleSelForm ACBP=A9
 0001:000A8044 0001ABA4 C=CODE     S=.text    G=(none)   M=OracleData ACBP=A9
 0001:000C2BE8 00001C84 C=CODE     S=.text    G=(none)   M=OracleTypes ACBP=A9
 0001:000C486C 00000200 C=CODE     S=.text    G=(none)   M=OracleVisual ACBP=A9
 0001:000C4A6C 00018EE8 C=CODE     S=.text    G=(none)   M=Oracle   ACBP=A9
 0001:000DD954 00001A60 C=CODE     S=.text    G=(none)   M=QueryList ACBP=A9
 0001:000DF3B4 00000583 C=CODE     S=.text    G=(none)   M=VKDBFMemMgr ACBP=A9
 0001:000DF938 00000CE8 C=CODE     S=.text    G=(none)   M=VKDBFUtil ACBP=A9
 0001:000E0620 00000E7C C=CODE     S=.text    G=(none)   M=VKDBFPrx ACBP=A9
 0001:000E149C 00007820 C=CODE     S=.text    G=(none)   M=VKDBFSorters ACBP=A9
 0001:000E8CBC 00000038 C=CODE     S=.text    G=(none)   M=VKDBFSortedList ACBP=A9
 0001:000E8CF4 00000890 C=CODE     S=.text    G=(none)   M=VKDBFCrypt ACBP=A9
 0001:000E9584 000000DC C=CODE     S=.text    G=(none)   M=VKDBFCDX ACBP=A9
 0001:000E9660 0000E0DC C=CODE     S=.text    G=(none)   M=VKDBFNTX ACBP=A9
 0001:000F773C 00000038 C=CODE     S=.text    G=(none)   M=VKDBFCollate ACBP=A9
 0001:000F7774 00002CB8 C=CODE     S=.text    G=(none)   M=VKDBFIndex ACBP=A9
 0001:000FA42C 0000644C C=CODE     S=.text    G=(none)   M=VKDBFParser ACBP=A9
 0001:00100878 00012C98 C=CODE     S=.text    G=(none)   M=VKDBFDataSet ACBP=A9
 0001:00113510 00007FDB C=CODE     S=.text    G=(none)   M=Log4D    ACBP=A9
 0001:0011B4EC 000008E8 C=CODE     S=.text    G=(none)   M=fdcExceptions ACBP=A9
 0001:0011BDD4 000039EC C=CODE     S=.text    G=(none)   M=Unit2    ACBP=A9
 0001:0011F7C0 00000AD0 C=CODE     S=.text    G=(none)   M=Unit3    ACBP=A9
 0001:00120290 00001858 C=CODE     S=.text    G=(none)   M=QueryManager ACBP=A9
 0001:00121AE8 0000033C C=CODE     S=.text    G=(none)   M=Unit1    ACBP=A9
 0001:00121E24 00000120 C=CODE     S=.text    G=(none)   M=WinSock  ACBP=A9
 0001:00121F44 00003970 C=CODE     S=.text    G=(none)   M=ScktComp ACBP=A9
 0001:001258B4 0000042C C=CODE     S=.text    G=(none)   M=Midas    ACBP=A9
 0001:00125CE0 00000120 C=CODE     S=.text    G=(none)   M=MidConst ACBP=A9
 0001:00125E00 00000460 C=CODE     S=.text    G=(none)   M=DSIntf   ACBP=A9
 0001:00126260 00000F2C C=CODE     S=.text    G=(none)   M=DataBkr  ACBP=A9
 0001:0012718C 0000B88C C=CODE     S=.text    G=(none)   M=Provider ACBP=A9
 0001:00132A18 0000979C C=CODE     S=.text    G=(none)   M=DBClient ACBP=A9
 0001:0013C1B4 000003CC C=CODE     S=.text    G=(none)   M=MConnect ACBP=A9
 0001:0013C580 00003974 C=CODE     S=.text    G=(none)   M=SConnect ACBP=A9
 0001:0013FEF4 00000A98 C=CODE     S=.text    G=(none)   M=uScktSrv ACBP=A9
 0001:0014098C 00000B7C C=CODE     S=.text    G=(none)   M=ComServ  ACBP=A9
 0001:00141508 00000825 C=CODE     S=.text    G=(none)   M=VCLCom   ACBP=A9
 0001:00141D30 00000038 C=CODE     S=.text    G=(none)   M=StdVCL   ACBP=A9
 0001:00141D68 00000038 C=CODE     S=.text    G=(none)   M=armtisvr_TLB ACBP=A9
 0001:00141DA0 00007D80 C=CODE     S=.text    G=(none)   M=dxmdaset ACBP=A9
 0001:00149B20 000001E0 C=CODE     S=.text    G=(none)   M=uAistConsts ACBP=A9
 0001:00149D00 000016C4 C=CODE     S=.text    G=(none)   M=Service  ACBP=A9
 0001:0014B3C4 0000482E C=CODE     S=.text    G=(none)   M=Unit4    ACBP=A9
 0001:0014FBF4 0000007C C=CODE     S=.text    G=(none)   M=dxtree   ACBP=A9
 0001:0014FC70 00000038 C=CODE     S=.text    G=(none)   M=fdcConsts ACBP=A9
 0001:0014FCA8 00000365 C=CODE     S=.text    G=(none)   M=fdcUtils ACBP=A9
 0001:00150010 0000065C C=CODE     S=.text    G=(none)   M=TRollingFileAppenderUnit ACBP=A9
 0001:0015066C 00000620 C=CODE     S=.text    G=(none)   M=armtisvr ACBP=A9
 0002:00000000 000000CC C=DATA     S=.data    G=DGROUP   M=System   ACBP=A9
 0002:000000CC 00000020 C=DATA     S=.data    G=DGROUP   M=SysInit  ACBP=A9
 0002:000000EC 00000274 C=DATA     S=.data    G=DGROUP   M=SysUtils ACBP=A9
 0002:00000360 00000110 C=DATA     S=.data    G=DGROUP   M=VarUtils ACBP=A9
 0002:00000470 000001BA C=DATA     S=.data    G=DGROUP   M=Variants ACBP=A9
 0002:0000062C 0000000C C=DATA     S=.data    G=DGROUP   M=TypInfo  ACBP=A9
 0002:00000638 00000020 C=DATA     S=.data    G=DGROUP   M=ActiveX  ACBP=A9
 0002:00000658 00000104 C=DATA     S=.data    G=DGROUP   M=Classes  ACBP=A9
 0002:0000075C 00000304 C=DATA     S=.data    G=DGROUP   M=Graphics ACBP=A9
 0002:00000A60 00000004 C=DATA     S=.data    G=DGROUP   M=Printers ACBP=A9
 0002:00000A64 000000B4 C=DATA     S=.data    G=DGROUP   M=Dialogs  ACBP=A9
 0002:00000B18 0000018C C=DATA     S=.data    G=DGROUP   M=ExtCtrls ACBP=A9
 0002:00000CA4 00000046 C=DATA     S=.data    G=DGROUP   M=Buttons  ACBP=A9
 0002:00000CEC 00000008 C=DATA     S=.data    G=DGROUP   M=IniFiles ACBP=A9
 0002:00000CF4 00000008 C=DATA     S=.data    G=DGROUP   M=Registry ACBP=A9
 0002:00000CFC 00000008 C=DATA     S=.data    G=DGROUP   M=Mapi     ACBP=A9
 0002:00000D04 00000064 C=DATA     S=.data    G=DGROUP   M=ComCtrls ACBP=A9
 0002:00000D68 00000068 C=DATA     S=.data    G=DGROUP   M=Themes   ACBP=A9
 0002:00000DD0 00000144 C=DATA     S=.data    G=DGROUP   M=StdCtrls ACBP=A9
 0002:00000F14 0000013C C=DATA     S=.data    G=DGROUP   M=Controls ACBP=A9
 0002:00001050 00000020 C=DATA     S=.data    G=DGROUP   M=ImgList  ACBP=A9
 0002:00001070 000000EC C=DATA     S=.data    G=DGROUP   M=Menus    ACBP=A9
 0002:0000115C 0000011C C=DATA     S=.data    G=DGROUP   M=Forms    ACBP=A9
 0002:00001278 00000069 C=DATA     S=.data    G=DGROUP   M=SvcMgr   ACBP=A9
 0002:000012E4 00000005 C=DATA     S=.data    G=DGROUP   M=MaskUtils ACBP=A9
 0002:000012EC 0000003C C=DATA     S=.data    G=DGROUP   M=SqlTimSt ACBP=A9
 0002:00001328 00000065 C=DATA     S=.data    G=DGROUP   M=FMTBcd   ACBP=A9
 0002:00001390 00000040 C=DATA     S=.data    G=DGROUP   M=ComObj   ACBP=A9
 0002:000013D0 0000021E C=DATA     S=.data    G=DGROUP   M=DB       ACBP=A9
 0002:000015F0 00000094 C=DATA     S=.data    G=DGROUP   M=OracleCI ACBP=A9
 0002:00001684 0000001C C=DATA     S=.data    G=DGROUP   M=OracleLogon ACBP=A9
 0002:000016A0 0000001C C=DATA     S=.data    G=DGROUP   M=DBCommon ACBP=A9
 0002:000016BC 00000118 C=DATA     S=.data    G=DGROUP   M=OracleFilter ACBP=A9
 0002:000017D4 000002A2 C=DATA     S=.data    G=DGROUP   M=OracleCompress ACBP=A9
 0002:00001A78 00000038 C=DATA     S=.data    G=DGROUP   M=OracleData ACBP=A9
 0002:00001AB0 000000A8 C=DATA     S=.data    G=DGROUP   M=Oracle   ACBP=A9
 0002:00001B58 00000002 C=DATA     S=.data    G=DGROUP   M=QueryList ACBP=A9
 0002:00001B5C 000001C8 C=DATA     S=.data    G=DGROUP   M=VKDBFUtil ACBP=A9
 0002:00001D24 00001400 C=DATA     S=.data    G=DGROUP   M=VKDBFCrypt ACBP=A9
 0002:00003124 00001200 C=DATA     S=.data    G=DGROUP   M=VKDBFCollate ACBP=A9
 0002:00004324 00000010 C=DATA     S=.data    G=DGROUP   M=VKDBFParser ACBP=A9
 0002:00004334 0000000C C=DATA     S=.data    G=DGROUP   M=Log4D    ACBP=A9
 0002:00004340 00000010 C=DATA     S=.data    G=DGROUP   M=MidConst ACBP=A9
 0002:00004350 000000D4 C=DATA     S=.data    G=DGROUP   M=DSIntf   ACBP=A9
 0002:00004424 00000158 C=DATA     S=.data    G=DGROUP   M=Provider ACBP=A9
 0002:0000457C 00000024 C=DATA     S=.data    G=DGROUP   M=DBClient ACBP=A9
 0002:000045A0 00000028 C=DATA     S=.data    G=DGROUP   M=SConnect ACBP=A9
 0002:000045C8 00000004 C=DATA     S=.data    G=DGROUP   M=ComServ  ACBP=A9
 0002:000045CC 00000010 C=DATA     S=.data    G=DGROUP   M=armtisvr_TLB ACBP=A9
 0002:000045DC 000000BB C=DATA     S=.data    G=DGROUP   M=dxmdaset ACBP=A9
 0002:00006000 00000664 C=BSS      S=.bss     G=DGROUP   M=System   ACBP=A9
 0002:00006664 00000010 C=BSS      S=.bss     G=DGROUP   M=SysInit  ACBP=A9
 0002:00006674 00000004 C=BSS      S=.bss     G=DGROUP   M=Types    ACBP=A9
 0002:00006678 00000004 C=BSS      S=.bss     G=DGROUP   M=Windows  ACBP=A9
 0002:0000667C 00000004 C=BSS      S=.bss     G=DGROUP   M=Messages ACBP=A9
 0002:00006680 00000004 C=BSS      S=.bss     G=DGROUP   M=SysConst ACBP=A9
 0002:00006684 00000120 C=BSS      S=.bss     G=DGROUP   M=SysUtils ACBP=A9
 0002:000067A4 0000005C C=BSS      S=.bss     G=DGROUP   M=VarUtils ACBP=A9
 0002:00006800 00000040 C=BSS      S=.bss     G=DGROUP   M=Variants ACBP=A9
 0002:00006840 00000004 C=BSS      S=.bss     G=DGROUP   M=RTLConsts ACBP=A9
 0002:00006844 00000004 C=BSS      S=.bss     G=DGROUP   M=TypInfo  ACBP=A9
 0002:00006848 00000004 C=BSS      S=.bss     G=DGROUP   M=ActiveX  ACBP=A9
 0002:0000684C 00000044 C=BSS      S=.bss     G=DGROUP   M=Classes  ACBP=A9
 0002:00006890 00000004 C=BSS      S=.bss     G=DGROUP   M=Consts   ACBP=A9
 0002:00006894 00000060 C=BSS      S=.bss     G=DGROUP   M=Graphics ACBP=A9
 0002:000068F4 00000004 C=BSS      S=.bss     G=DGROUP   M=Math     ACBP=A9
 0002:000068F8 00000004 C=BSS      S=.bss     G=DGROUP   M=Contnrs  ACBP=A9
 0002:000068FC 0000000C C=BSS      S=.bss     G=DGROUP   M=CommCtrl ACBP=A9
 0002:00006908 00000031 C=BSS      S=.bss     G=DGROUP   M=MultiMon ACBP=A9
 0002:0000693C 00000004 C=BSS      S=.bss     G=DGROUP   M=Imm      ACBP=A9
 0002:00006940 00000008 C=BSS      S=.bss     G=DGROUP   M=HelpIntfs ACBP=A9
 0002:00006948 00000004 C=BSS      S=.bss     G=DGROUP   M=WinSpool ACBP=A9
 0002:0000694C 00000004 C=BSS      S=.bss     G=DGROUP   M=Printers ACBP=A9
 0002:00006950 00000034 C=BSS      S=.bss     G=DGROUP   M=FlatSB   ACBP=A9
 0002:00006984 00000004 C=BSS      S=.bss     G=DGROUP   M=SyncObjs ACBP=A9
 0002:00006988 000000CC C=BSS      S=.bss     G=DGROUP   M=UxTheme  ACBP=A9
 0002:00006A54 00000004 C=BSS      S=.bss     G=DGROUP   M=RichEdit ACBP=A9
 0002:00006A58 00000004 C=BSS      S=.bss     G=DGROUP   M=ToolWin  ACBP=A9
 0002:00006A5C 00000004 C=BSS      S=.bss     G=DGROUP   M=ShellAPI ACBP=A9
 0002:00006A60 00000004 C=BSS      S=.bss     G=DGROUP   M=RegStr   ACBP=A9
 0002:00006A64 00000004 C=BSS      S=.bss     G=DGROUP   M=WinInet  ACBP=A9
 0002:00006A68 00000004 C=BSS      S=.bss     G=DGROUP   M=UrlMon   ACBP=A9
 0002:00006A6C 00000004 C=BSS      S=.bss     G=DGROUP   M=ShlObj   ACBP=A9
 0002:00006A70 00000004 C=BSS      S=.bss     G=DGROUP   M=CommDlg  ACBP=A9
 0002:00006A74 00000004 C=BSS      S=.bss     G=DGROUP   M=Dlgs     ACBP=A9
 0002:00006A78 00000038 C=BSS      S=.bss     G=DGROUP   M=Dialogs  ACBP=A9
 0002:00006AB0 00000004 C=BSS      S=.bss     G=DGROUP   M=ExtCtrls ACBP=A9
 0002:00006AB4 00000004 C=BSS      S=.bss     G=DGROUP   M=ComStrs  ACBP=A9
 0002:00006AB8 0000000C C=BSS      S=.bss     G=DGROUP   M=Clipbrd  ACBP=A9
 0002:00006AC4 00000004 C=BSS      S=.bss     G=DGROUP   M=StrUtils ACBP=A9
 0002:00006AC8 00000030 C=BSS      S=.bss     G=DGROUP   M=Buttons  ACBP=A9
 0002:00006AF8 00000004 C=BSS      S=.bss     G=DGROUP   M=ExtDlgs  ACBP=A9
 0002:00006AFC 00000004 C=BSS      S=.bss     G=DGROUP   M=IniFiles ACBP=A9
 0002:00006B00 00000004 C=BSS      S=.bss     G=DGROUP   M=Registry ACBP=A9
 0002:00006B04 00000004 C=BSS      S=.bss     G=DGROUP   M=Mapi     ACBP=A9
 0002:00006B08 00000009 C=BSS      S=.bss     G=DGROUP   M=ExtActns ACBP=A9
 0002:00006B14 00000004 C=BSS      S=.bss     G=DGROUP   M=ListActns ACBP=A9
 0002:00006B18 00000010 C=BSS      S=.bss     G=DGROUP   M=ComCtrls ACBP=A9
 0002:00006B28 00000008 C=BSS      S=.bss     G=DGROUP   M=Themes   ACBP=A9
 0002:00006B30 00000004 C=BSS      S=.bss     G=DGROUP   M=StdCtrls ACBP=A9
 0002:00006B34 00000004 C=BSS      S=.bss     G=DGROUP   M=StdActns ACBP=A9
 0002:00006B38 00000014 C=BSS      S=.bss     G=DGROUP   M=WinHelpViewer ACBP=A9
 0002:00006B4C 00000080 C=BSS      S=.bss     G=DGROUP   M=Controls ACBP=A9
 0002:00006BCC 00000004 C=BSS      S=.bss     G=DGROUP   M=ActnList ACBP=A9
 0002:00006BD0 0000000C C=BSS      S=.bss     G=DGROUP   M=ImgList  ACBP=A9
 0002:00006BDC 00000010 C=BSS      S=.bss     G=DGROUP   M=Menus    ACBP=A9
 0002:00006BEC 00000020 C=BSS      S=.bss     G=DGROUP   M=Forms    ACBP=A9
 0002:00006C0C 00000004 C=BSS      S=.bss     G=DGROUP   M=WinSvc   ACBP=A9
 0002:00006C10 00000004 C=BSS      S=.bss     G=DGROUP   M=SvcMgr   ACBP=A9
 0002:00006C14 00000004 C=BSS      S=.bss     G=DGROUP   M=MaskUtils ACBP=A9
 0002:00006C18 00000004 C=BSS      S=.bss     G=DGROUP   M=DateUtils ACBP=A9
 0002:00006C1C 00000004 C=BSS      S=.bss     G=DGROUP   M=DBConsts ACBP=A9
 0002:00006C20 00000004 C=BSS      S=.bss     G=DGROUP   M=SqlTimSt ACBP=A9
 0002:00006C24 00000004 C=BSS      S=.bss     G=DGROUP   M=FMTBcd   ACBP=A9
 0002:00006C28 00000004 C=BSS      S=.bss     G=DGROUP   M=ComConst ACBP=A9
 0002:00006C2C 00000011 C=BSS      S=.bss     G=DGROUP   M=ComObj   ACBP=A9
 0002:00006C40 0000000C C=BSS      S=.bss     G=DGROUP   M=DB       ACBP=A9
 0002:00006C4C 00000004 C=BSS      S=.bss     G=DGROUP   M=FileCtrl ACBP=A9
 0002:00006C50 000002A4 C=BSS      S=.bss     G=DGROUP   M=OracleCI ACBP=A9
 0002:00006EF4 00000008 C=BSS      S=.bss     G=DGROUP   M=OracleLogon ACBP=A9
 0002:00006EFC 00000004 C=BSS      S=.bss     G=DGROUP   M=DBCommon ACBP=A9
 0002:00006F00 00000004 C=BSS      S=.bss     G=DGROUP   M=OracleFilter ACBP=A9
 0002:00006F04 00000030 C=BSS      S=.bss     G=DGROUP   M=OracleCompress ACBP=A9
 0002:00006F34 00000004 C=BSS      S=.bss     G=DGROUP   M=OracleSelForm ACBP=A9
 0002:00006F38 00000008 C=BSS      S=.bss     G=DGROUP   M=OracleData ACBP=A9
 0002:00006F40 00000004 C=BSS      S=.bss     G=DGROUP   M=OracleTypes ACBP=A9
 0002:00006F44 00000004 C=BSS      S=.bss     G=DGROUP   M=OracleVisual ACBP=A9
 0002:00006F48 00000068 C=BSS      S=.bss     G=DGROUP   M=Oracle   ACBP=A9
 0002:00006FB0 00000004 C=BSS      S=.bss     G=DGROUP   M=QueryList ACBP=A9
 0002:00006FB4 00000008 C=BSS      S=.bss     G=DGROUP   M=VKDBFMemMgr ACBP=A9
 0002:00006FBC 00000064 C=BSS      S=.bss     G=DGROUP   M=VKDBFUtil ACBP=A9
 0002:00007020 00000004 C=BSS      S=.bss     G=DGROUP   M=VKDBFPrx ACBP=A9
 0002:00007024 00000004 C=BSS      S=.bss     G=DGROUP   M=VKDBFSorters ACBP=A9
 0002:00007028 00000004 C=BSS      S=.bss     G=DGROUP   M=VKDBFSortedList ACBP=A9
 0002:0000702C 00000004 C=BSS      S=.bss     G=DGROUP   M=VKDBFCrypt ACBP=A9
 0002:00007030 00000004 C=BSS      S=.bss     G=DGROUP   M=VKDBFCDX ACBP=A9
 0002:00007034 00000004 C=BSS      S=.bss     G=DGROUP   M=VKDBFNTX ACBP=A9
 0002:00007038 00000004 C=BSS      S=.bss     G=DGROUP   M=VKDBFCollate ACBP=A9
 0002:0000703C 00000004 C=BSS      S=.bss     G=DGROUP   M=VKDBFIndex ACBP=A9
 0002:00007040 00000004 C=BSS      S=.bss     G=DGROUP   M=VKDBFParser ACBP=A9
 0002:00007044 00000004 C=BSS      S=.bss     G=DGROUP   M=VKDBFDataSet ACBP=A9
 0002:00007048 0000008D C=BSS      S=.bss     G=DGROUP   M=Log4D    ACBP=A9
 0002:000070D8 00000004 C=BSS      S=.bss     G=DGROUP   M=fdcExceptions ACBP=A9
 0002:000070DC 00000008 C=BSS      S=.bss     G=DGROUP   M=Unit2    ACBP=A9
 0002:000070E4 00000004 C=BSS      S=.bss     G=DGROUP   M=Unit3    ACBP=A9
 0002:000070E8 00000004 C=BSS      S=.bss     G=DGROUP   M=QueryManager ACBP=A9
 0002:000070EC 00000008 C=BSS      S=.bss     G=DGROUP   M=Unit1    ACBP=A9
 0002:000070F4 00000004 C=BSS      S=.bss     G=DGROUP   M=WinSock  ACBP=A9
 0002:000070F8 00000194 C=BSS      S=.bss     G=DGROUP   M=ScktComp ACBP=A9
 0002:0000728C 00000004 C=BSS      S=.bss     G=DGROUP   M=Midas    ACBP=A9
 0002:00007290 00000004 C=BSS      S=.bss     G=DGROUP   M=MidConst ACBP=A9
 0002:00007294 00000020 C=BSS      S=.bss     G=DGROUP   M=DSIntf   ACBP=A9
 0002:000072B4 00000004 C=BSS      S=.bss     G=DGROUP   M=DataBkr  ACBP=A9
 0002:000072B8 00000008 C=BSS      S=.bss     G=DGROUP   M=Provider ACBP=A9
 0002:000072C0 00000004 C=BSS      S=.bss     G=DGROUP   M=DBClient ACBP=A9
 0002:000072C4 00000004 C=BSS      S=.bss     G=DGROUP   M=MConnect ACBP=A9
 0002:000072C8 00000018 C=BSS      S=.bss     G=DGROUP   M=SConnect ACBP=A9
 0002:000072E0 00000004 C=BSS      S=.bss     G=DGROUP   M=uScktSrv ACBP=A9
 0002:000072E4 0000000C C=BSS      S=.bss     G=DGROUP   M=ComServ  ACBP=A9
 0002:000072F0 00000004 C=BSS      S=.bss     G=DGROUP   M=VCLCom   ACBP=A9
 0002:000072F4 00000004 C=BSS      S=.bss     G=DGROUP   M=StdVCL   ACBP=A9
 0002:000072F8 00000004 C=BSS      S=.bss     G=DGROUP   M=armtisvr_TLB ACBP=A9
 0002:000072FC 00000004 C=BSS      S=.bss     G=DGROUP   M=dxmdaset ACBP=A9
 0002:00007300 0000000C C=BSS      S=.bss     G=DGROUP   M=uAistConsts ACBP=A9
 0002:0000730C 00000008 C=BSS      S=.bss     G=DGROUP   M=Service  ACBP=A9
 0002:00007314 00000004 C=BSS      S=.bss     G=DGROUP   M=Unit4    ACBP=A9
 0002:00007318 0000000C C=BSS      S=.bss     G=DGROUP   M=dxtree   ACBP=A9
 0002:00007324 00000004 C=BSS      S=.bss     G=DGROUP   M=fdcConsts ACBP=A9
 0002:00007328 00000008 C=BSS      S=.bss     G=DGROUP   M=fdcUtils ACBP=A9
 0002:00007330 00000004 C=BSS      S=.bss     G=DGROUP   M=TRollingFileAppenderUnit ACBP=A9


  Address         Publics by Name

 0002:0000703C       .01
 0002:00006F00       .01
 0002:00006A70       .1
 0002:00006674       .1
 0002:00006AC4       .1
 0002:00007038       .1
 0002:00006C20       .1
 0002:00006C0C       .1
 0002:00007324       .1
 0002:00006B04       .1
 0002:00006C1C       .1
 0002:00006840       .1
 0002:0000693C       .1
 0002:00007328       .1
 0002:00006928       .1
 0002:00006C18       .1
 0002:00006A74       .1
 0002:00006A6C       .1
 0002:00006F04       .1
 0002:00006A68       .1
 0002:00006A64       .1
 0002:00006A60       .1
 0002:00006B40       .1
 0002:00006A5C       .1
 0002:0000667C       .1
 0002:0000666C       .1
 0002:00006F44       .1
 0002:00006890       .1
 0002:000070F4       .1
 0002:00007308       .1
 0002:00006C28       .1
 0002:0000701C       .1
 0002:00006680       .1
 0002:00007290       .1
 0002:0000728C       .1
 0002:00006AB4       .1
 0002:00006A54       .1
 0002:00006A44       .1
 0002:000068FC       .1
 0002:00006970       .1
 0002:000072F4       .1
 0002:00006A78       .11
 0002:00006AB0       .12
 0002:00006898       .12
 0002:00007070       .13
 0002:00007314       .2
 0002:00007330       .2
 0002:0000702C       .2
 0002:00006ABC       .2
 0002:00006940       .2
 0002:000070E0       .2
 0002:00006EF0       .2
 0002:000070E8       .2
 0002:00007294       .2
 0002:000068F4       .2
 0002:00007310       .2
 0002:00006B28       .2
 0002:000072E8       .2
 0002:000072F0       .2
 0002:000072F8       .2
 0002:00006C14       .2
 0002:000070F0       .2
 0002:00006F34       .2
 0002:000068F8       .21
 0002:00006C24       .3
 0002:00007040       .3
 0002:00006848       .3
 0002:0000694C       .3
 0002:00006AF8       .3
 0002:00006678       .3
 0002:000072E0       .3
 0002:00006948       .3
 0002:000072B4       .3
 0002:00006FB8       .3
 0002:00006BD0       .3
 0002:00006EFC       .3
 0002:000072C0       .31
 0002:000072D8       .31
 0002:00007044       .31
 0002:00007034       .31
 0002:00007024       .32
 0002:00006794       .35
 0002:00006C48       .36
 0002:00006B18       .36
 0002:00006FB0       .4
 0002:00006A58       .4
 0002:00007030       .4
 0002:00006EF8       .4
 0002:00006AC8       .4
 0002:000070D8       .4
 0002:00007318       .4
 0002:00007028       .4
 0002:00006F38       .41
 0002:00006BF4       .41
 0002:00006C2C       .41
 0002:000070F8       .41
 0002:00006B30       .42
 0002:00006858       .45
 0002:00006B00       .5
 0002:00006C4C       .5
 0002:000065BC       .5
 0002:00007020       .5
 0002:000067FC       .5
 0002:00006F40       .5
 0002:000070E4       .5
 0002:000072BC       .51
 0002:00006984       .6
 0002:00006844       .6
 0002:00006C10       .7
 0002:00006B54       .72
 0002:00006B08       .72
 0002:00006B34       .73
 0002:00006FAC       .74
 0002:00006BCC       .8
 0002:00006B14       .8
 0002:000072FC       .8
 0002:00006AFC       .8
 0002:000072C4       .8
 0002:00006820       .81
 0002:00006BE4       .9
 0001:00001D48       @AbstractError
 0001:000047B8       @AddRefArray
 0001:00004770       @AddRefRecord
 0001:00002DCC       @AfterConstruction
 0001:00002BC0       @AsClass
 0001:00001EEC       @AStrCmp
 0001:00002DDC       @BeforeDestruction
 0001:00002950       @BoundErr
 0001:00002C0C       @CallDynaInst
 0001:00005A5C       @CheckAutoResult
 0001:00002D74       @ClassCreate
 0001:00002DC4       @ClassDestroy
 0001:00001DB8       @Close
 0001:00001984       @Copy
 0001:000049AC       @CopyArray
 0001:00004890       @CopyRecord
 0001:00001C9C       @COS
 0001:00004B48       @DispCallByIDError
 0001:00010FF4       @DispInvokeError
 0001:00004AB4       @Dispose
 0001:0000331C       @DoneExcept
 0001:000052F8       @DynArrayAddRef
 0001:000052D0       @DynArrayAsg
 0001:00005294       @DynArrayClear
 0001:00005180       @DynArrayCopy
 0001:000051A0       @DynArrayCopyRange
 0001:00004FC0       @DynArrayHigh
 0001:00004FB8       @DynArrayLength
 0001:00005174       @DynArraySetLength
 0001:0000216C       @EmitDigits
 0001:00003404       @ExceptionHandler
 0001:00001CAC       @EXP
 0001:000027FC       @Ext2Real
 0001:00001F5C       @FillChar
 0001:00004764       @Finalize
 0001:00004678       @FinalizeArray
 0001:0000462C       @FinalizeRecord
 0001:00002C24       @FindDynaInst
 0001:00002944       @FpuInit
 0001:00002880       @FpuMaskInit
 0001:00001CF4       @FRAC
 0001:0000180C       @FreeMem
 0001:000017EC       @GetMem
 0001:000060C0       @GetTls
 0001:0000384C       @Halt
 0001:00003774       @Halt0
 0001:00002EF0       @HandleAnyException
 0001:000031DC       @HandleAutoException
 0001:000031A4       @HandleFinally
 0001:0000301C       @HandleOnException
 0001:0000610C       @InitExe
 0001:00004620       @Initialize
 0001:0000458C       @InitializeArray
 0001:0000455C       @InitializeRecord
 0001:00003638       @InitImports
 0001:00003610       @InitResStringImports
 0001:000035EC       @InitResStrings
 0001:00001CC4       @INT
 0001:000059C0       @IntfAddRef
 0001:00005990       @IntfCast
 0001:0000594C       @IntfClear
 0001:00005964       @IntfCopy
 0001:00002B9C       @IsClass
 0001:00002850       @isNECWindows
 0001:000019C8       @LGetDir
 0001:00003DA8       @LStrAddRef
 0001:0000390C       @LStrArrayClr
 0001:0000393C       @LStrAsg
 0001:00003BC0       @LStrCat
 0001:00003C04       @LStrCat3
 0001:00003C78       @LStrCatN
 0001:000038E8       @LStrClr
 0001:00003D04       @LStrCmp
 0001:00003E18       @LStrCopy
 0001:00003E58       @LStrDelete
 0001:00003B68       @LStrFromArray
 0001:00003AD0       @LStrFromChar
 0001:00003AF0       @LStrFromPChar
 0001:000039D8       @LStrFromPCharLen
 0001:00003B20       @LStrFromPWChar
 0001:00003A44       @LStrFromPWCharLen
 0001:00003B5C       @LStrFromString
 0001:00003AE0       @LStrFromWChar
 0001:00003B80       @LStrFromWStr
 0001:00003EA0       @LStrInsert
 0001:00003980       @LStrLAsg
 0001:00003BB8       @LStrLen
 0001:00003FA8       @LStrOfChar
 0001:00003EFC       @LStrPos
 0001:00003F44       @LStrSetLength
 0001:00003DB8       @LStrToPChar
 0001:00003B94       @LStrToString
 0001:00004AA0       @New
 0001:000039AC       @NewAnsiString
 0001:00003FDC       @NewWideString
 0001:00015744       @OleVarFromInt
 0001:00015A48       @OleVarFromLStr
 0001:00015B04       @OleVarFromVar
 0001:000024E8       @Pow10
 0001:00001E68       @PStrCmp
 0001:00001E40       @PStrCpy
 0001:00001E10       @PStrNCat
 0001:00001E4C       @PStrNCpy
 0001:000032C8       @RaiseAgain
 0001:000032A0       @RaiseExcept
 0001:00001F7C       @RandInt
 0001:000027CC       @Real2Ext
 0001:0000182C       @ReallocMem
 0001:00001D18       @ROUND
 0001:00003858       @RunError
 0001:000021DC       @ScaleExt
 0001:00002128       @SetElem
 0001:0000214C       @SetEq
 0001:00001C4C       @SetLength
 0001:00002160       @SetUnion
 0001:00001CE4       @SIN
 0001:000035AC       @StartExe
 0001:00004D6C       @Str0Int64
 0001:00001FF8       @Str0Long
 0001:00002220       @Str2Ext
 0001:00004CAC       @StrInt64
 0001:000003B4       @strlen
 0001:00001F98       @StrLong
 0001:00001D24       @TRUNC
 0001:0000334C       @TryFinallyExit
 0001:00003E10       @UniqueStringA
 0001:000023DC       @ValExt
 0001:00004D88       @ValInt64
 0001:00002004       @ValLong
 0001:00019D34       @VarAdd
 0001:000047A0       @VarAddRef
 0001:00017C2C       @VarAddRef
 0001:00019D58       @VarAnd
 0001:0001848C       @VarArrayGet
 0001:0001857C       @VarArrayPut
 0001:000182D8       @VarArrayRedim
 0001:00011B4C       @VarCast
 0001:000112E0       @VarClear
 0001:00004660       @VarClr
 0001:000112F4       @VarClr
 0001:00019D70       @VarCmpEQ
 0001:00019DC0       @VarCmpGE
 0001:00019DB0       @VarCmpGT
 0001:00019DA0       @VarCmpLE
 0001:00019D90       @VarCmpLT
 0001:00019D80       @VarCmpNE
 0001:00011608       @VarCopy
 0001:00004878       @VarCopy
 0001:00011888       @VarCopyNoInd
 0001:000158D8       @VarFromBool
 0001:00015764       @VarFromByte
 0001:00015928       @VarFromCurr
 0001:00015880       @VarFromCurrency
 0001:000158AC       @VarFromDate
 0001:00015A1C       @VarFromDisp
 0001:00015854       @VarFromDouble
 0001:000156E8       @VarFromInt
 0001:00015804       @VarFromInt64
 0001:00015724       @VarFromInteger
 0001:000159F0       @VarFromIntf
 0001:000157A4       @VarFromLongWord
 0001:0001593C       @VarFromLStr
 0001:00015968       @VarFromPStr
 0001:00015900       @VarFromReal
 0001:000157C4       @VarFromShortInt
 0001:00015830       @VarFromSingle
 0001:000157E4       @VarFromSmallInt
 0001:00015914       @VarFromTDateTime
 0001:00015784       @VarFromWord
 0001:000159B8       @VarFromWStr
 0001:00019D4C       @VarMul
 0001:000174FC       @VarNeg
 0001:000179AC       @VarNot
 0001:00011048       @VarNull
 0001:00016A64       @VarOp
 0001:00019D64       @VarRDiv
 0001:0001189C       @VarStringToOleStr
 0001:00019D40       @VarSub
 0001:00013318       @VarToBool
 0001:00012FD0       @VarToBoolean
 0001:00012410       @VarToByte
 0001:000141BC       @VarToCurrency
 0001:00013C54       @VarToDate
 0001:0001563C       @VarToDisp
 0001:000134E4       @VarToDouble
 0001:000129D4       @VarToInt64
 0001:00011F10       @VarToInteger
 0001:00015570       @VarToIntf
 0001:00012688       @VarToLongWord
 0001:00014870       @VarToLStr
 0001:00013860       @VarToReal
 0001:00012360       @VarToShortInt
 0001:0001387C       @VarToSingle
 0001:000124B8       @VarToSmallInt
 0001:000125B0       @VarToWord
 0001:00014F98       @VarToWStr
 0001:0000453C       @WStrAddRef
 0001:0000401C       @WStrArrayClr
 0001:00004040       @WStrAsg
 0001:000041A0       @WStrCat
 0001:00004200       @WStrCat3
 0001:00004264       @WStrCatN
 0001:00004004       @WStrClr
 0001:000042AC       @WStrCmp
 0001:00004330       @WStrCopy
 0001:0000437C       @WStrDelete
 0001:00004174       @WStrFromLStr
 0001:0000406C       @WStrFromPCharLen
 0001:0000412C       @WStrFromPWChar
 0001:000040F8       @WStrFromPWCharLen
 0001:00004168       @WStrFromString
 0001:0000411C       @WStrFromWChar
 0001:0000440C       @WStrInsert
 0001:00004064       @WStrLAsg
 0001:00004194       @WStrLen
 0001:000044A8       @WStrPos
 0001:000044F8       @WStrSetLength
 0001:00004184       @WStrToPWChar
 0001:000020E4       @_CLenToPasStr
 0001:000020D8       @_CToPasStr
 0001:00001954       @_IOTest
 0001:00004B74       @_lldiv
 0001:00004BF0       @_llmod
 0001:00004B50       @_llmul
 0001:00004C6C       @_llshl
 0001:00004C8C       @_llushr
 0001:00002108       @_PasToCStr
 0001:0000D338       Abort
 0001:00053000       AbsMin
 0001:0000D704       AbstractErrorHandler
 0002:0000602C       AbstractErrorProc
 0001:00121E3C       accept
 0002:00004334       Acceptance
 0002:00000170       AccessMode
 0001:000018BC       AcquireExceptionObject
 0002:0000127C       ActionStr
 0001:0001E78C       ActivateClassGroup
 0001:00006874       ActivateKeyboardLayout
 0002:00006B88       ActiveDrag
 0001:0001BC44       ActiveX
 0001:00062304       ActnList
 0001:000004F8       AddBlockAfter
 0001:0007BDB4       AddChars
 0001:000C3364       AddCR
 0001:0007EE5C       AddCurrency
 0001:0007E62C       AddCurrencySymbol
 0002:00000658       AddDataModule
 0001:0007DF38       AddDigit
 0001:000E6290       AddElement
 0001:000E3068       AddElement
 0001:0000824C       AddExitProc
 0001:001318BC       AddField
 0001:00130CE8       AddField
 0001:00130844       AddField
 0001:00089A28       AddFieldDefs
 0001:0012985C       AddFieldDesc
 0001:00089C84       AddFields
 0001:000231E8       AddFinished
 0001:00065B00       AddIn
 0001:000ED874       AddItemInternal
 0001:000F18B4       AddKeyInBlock
 0001:000EFE40       AddKeyInSorter
 0001:000F3968       AddKeyInSorter
 0001:0007F14C       AddLiterals
 0001:000E91F0       AddLong
 0001:000E8FBC       AddLong
 0001:001299BC       AddMinMax
 0001:000057E0       AddModuleUnloadProc
 0001:000057F0       AddModuleUnloadProc
 0001:000C6AC8       AddMonActivity
 0001:000C6A60       AddMonObject
 0001:0007E70C       AddNegCurrencySymbol
 0001:0007D4A0       AddNormalizedFractions
 0001:00023220       AddNotFinished
 0001:0007DF1C       AddOneChar
 0001:0009EB24       AddPopup
 0001:000B3E6C       AddQuotes
 0001:0011B870       AddSeparator
 0001:0012A48C       AddSQLExprAttr
 0001:0013AF9C       AddSQLExprAttr
 0001:0007BE70       AddStrings
 0001:001449C8       AddStrings
 0001:00023CE4       AddSubComponentsToLoaded
 0001:0009EC08       AddSubPopup
 0001:0000EB60       AddTerminateProc
 0001:00029484       AddThread
 0001:000985F8       AddToPath
 0001:000AA2E0       AddWithComma
 0002:00001308       AdjustAmt
 0002:00001320       AdjustAmt
 0002:00001318       AdjustAmt
 0002:00001310       AdjustAmt
 0001:0002F44C       AdjustColor
 0001:0003A84C       AdjustColors
 0001:0007C8CC       AdjustDecimalPosition
 0001:0009626C       AdjustFirstRecord
 0001:00008878       AdjustLineBreaks
 0001:0006CB18       Adjustment
 0001:0007D7F8       AdjustNibbles
 0001:0009A120       AdjustPath
 0001:0000687C       AdjustWindowRectEx
 0001:00139FDC       AggValueAsVariant
 0002:000045E0       AIgnoreCaseFlag
 0001:0000EBBC       AL1
 0002:00000340       AL1s
 0001:0000EBCC       AL2
 0002:00000350       AL2s
 0002:00001678       AliasList
 0002:00000E18       Alignments
 0002:00001144       Alignments
 0002:00001134       Alignments
 0002:00000B20       Alignments
 0002:00000EB0       Alignments
 0002:00000DD8       Alignments
 0002:00000D34       AlignStyles
 0001:0005866C       AlignWork
 0001:00073AA0       AlignWork
 0002:00007060       All
 0001:0002B3EC       AllocateHWnd
 0001:00142B34       AllocBuferForString
 0001:001440B0       AllocBufferByVariant
 0001:0014291C       AllocMem
 0001:00008200       AllocMem
 0002:000065B4       AllocMemCount
 0002:000065B8       AllocMemSize
 0001:000345CC       AllocPatternBitmap
 0001:00006068       AllocTlsBuffer
 0002:00001600       AllowAdjustPath
 0002:00001698       AllowDuplicateHistory
 0002:00001B0C       AllSessions
 0001:000A455C       AllTest
 0001:000AC41C       AlmostEqual
 0001:000DE1D8       AlmostEqual
 0001:0000EBFC       ALR
 0001:0000EBE4       ALV
 0001:000B4980       AnalyzeExpression
 0001:00026A44       AncestorIsValid
 0002:00000F20       AnchorAlign
 0002:00000F14       AnimateWindowProc
 0002:0000101C       AnimationStyle
 0001:0000842C       AnsiCompareStr
 0001:00008464       AnsiCompareText
 0001:00008778       AnsiExtractQuotedStr
 0001:0000914C       AnsiLastChar
 0001:00006884       AnsiLower
 0001:000083F8       AnsiLowerCase
 0001:0000E0FC       AnsiLowerCaseFileName
 0001:0000E0C4       AnsiPos
 0001:00008654       AnsiQuotedStr
 0001:0006A314       AnsiSameCaption
 0001:0000849C       AnsiSameText
 0001:0003B10C       AnsiStartsText
 0001:000084B4       AnsiStrIComp
 0001:000084D4       AnsiStrLComp
 0001:000084F4       AnsiStrLIComp
 0001:0000E188       AnsiStrPos
 0001:0000E228       AnsiStrRScan
 0001:0000E250       AnsiStrScan
 0001:00005E04       AnsiToUtf8
 0001:000083C4       AnsiUpperCase
 0001:00016078       AnyOp
 0001:000154F8       AnyToIntf
 0001:0000AEE4       AppendChars
 0002:000070A0       AppenderClasses
 0002:0000709C       AppenderNames
 0001:0000B2A8       AppendFormat
 0001:0000AF48       AppendNumber
 0001:0000AF28       AppendString
 0002:00006BEC       Application
 0002:00001278       Application
 0001:000C4A14       ApplicationComponentCount
 0001:000C4A24       ApplicationComponents
 0002:00000668       ApplicationHandleException
 0001:000C4A04       ApplicationHandleException
 0002:00000670       ApplicationShowException
 0002:00001270       AppVisible
 0002:0000730C       ARMTIService
 0001:00150A64       armtisvr
 0001:00141D98       armtisvr_TLB
 0001:0000D6E8       AssertErrorHandler
 0002:00006024       AssertErrorProc
 0001:0001B0B8       AssignLongStr
 0001:0001B734       AssignVariant
 0002:00004578       Attr
 0002:0000459C       Attr
 0001:0008A788       AttributeSetStored
 0001:00140E88       AutomationTerminateProc
 0002:0000660C       avail
 0002:00004568       B
 0001:00009544       BackfillGetDiskFreeSpaceEx
 0001:00055B94       BackgroundClipped
 0001:0000FB94       BackupVarBoolFromStr
 0001:0000FCF4       BackupVarBStrFromBool
 0001:0000FC14       BackupVarBStrFromCy
 0001:0000FC84       BackupVarBStrFromDate
 0001:0000FB28       BackupVarCyFromStr
 0001:0000FABC       BackupVarDateFromStr
 0001:0000F978       BackupVarI4FromStr
 0001:0000F924       BackupVariantChangeTypeEx
 0001:0000F9E4       BackupVarR4FromStr
 0001:0000FA50       BackupVarR8FromStr
 0002:000015C8       BaseFieldTypes
 0002:00000488       BaseTypeMap
 0001:0007DDCC       BcdAdd
 0001:0007D9A8       BcdCompare
 0001:0007EA9C       BcdCurrencyFormat
 0001:0007DD60       BcdDivide
 0001:0007DC10       BcdDivide
 0001:0007AF88       BcdError
 0001:0007AF18       BcdErrorFmt
 0001:0007E44C       BcdFixedOrNumberFormat
 0001:0007E3E8       BcdGeneralFormat
 0001:0007DBA4       BcdMultiply
 0001:0007DAAC       BcdMultiply
 0001:0007E240       BcdScale
 0001:0007E400       BcdScientificFormat
 0001:0007DA70       BcdSubtract
 0001:0007E33C       BCDToCurr
 0001:0007B988       BcdToDouble
 0001:0007E0FC       BcdToStr
 0001:0007EB88       BcdToStrF
 0001:0000DCDC       Beep
 0001:0001EB60       BeginGlobalLoading
 0001:0000688C       BeginPaint
 0001:0000389C       BeginThread
 0001:0002F458       BetterSize
 0001:00066974       BiDiDraw
 0001:00121E44       bind
 0001:000281DC       BinToHex
 0001:0000665C       BitBlt
 0002:00000CA4       BitBtnCaptions
 0002:00006ACC       BitBtnGlyphs
 0002:00000A14       BitmapCanvasList
 0002:000068B0       BitmapImageLock
 0001:0000F960       BiUnimplemented
 0001:0007C768       BlankArgument
 0002:000043E0       BlobTypeMap
 0002:00000730       BlockCode
 0002:000065E4       blockDescBlockList
 0002:000065E8       blockDescFreeList
 0001:000A5AA8       Bomb
 0002:00004338       Bool
 0002:0000062C       BooleanIdents
 0002:00000484       BooleanToStringRule
 0002:000016A8       BoolFalse
 0001:00008E0C       BoolToStr
 0001:000145F8       BoolToWStrViaOS
 0002:00000B18       BorderStyles
 0002:00000DD0       BorderStyles
 0001:0001DAA4       Bounds
 0001:000061C4       Bounds
 0002:000010DC       Breaks
 0002:000068E8       BrushManager
 0001:000887F0       BuffersEqual
 0001:00095938       BufferToByteArray
 0001:00069128       BuildImage
 0001:00099370       BuildOracleAliasList
 0001:0009942C       BuildOracleHomeList
 0002:00000AC0       ButtonCaptions
 0002:00000CD4       ButtonCount
 0002:00000A94       ButtonNames
 0002:00001158       Buttons
 0001:0003D904       Buttons
 0002:00000EA8       ButtonStyles
 0002:00006A84       ButtonWidths
 0001:000959EC       ByteArrayToBuffer
 0001:000C68D0       ByteArrayToString
 0001:0002EC38       BytesPerScanline
 0001:0002EF90       ByteSwapColors
 0001:0000DDC0       ByteToCharIndex
 0001:0000DD98       ByteToCharLen
 0001:0000DD5C       ByteType
 0001:0000DCE4       ByteTypeTest
 0002:00006BD4       CachedComCtrlVer
 0001:0002B328       CalcJmpOffset
 0001:0007ED4C       CalcPrecisionAndDigits
 0001:00060370       CalcSplitterPos
 0001:00090624       CalcTotalSize
 0001:0008A7C8       CalculatedStored
 0001:000D1E94       CallbackDefine
 0001:0011E614       CallDB
 0001:0011EA4C       CallDB
 0001:0011EEB4       CallDB
 0001:0011DEC0       CallDB
 0001:00006894       CallNextHookEx
 0001:0000EB80       CallTerminateProcs
 0001:0000689C       CallWindowProc
 0001:00054038       CancelDrag
 0001:000970D4       CancelNestedDataSets
 0001:0007C6F8       CanUseShort
 0002:000068EC       CanvasList
 0002:00006B9C       CanvasList
 0002:00000A6C       Captions
 0002:00000FD8       CaptureControl
 0002:00004340       CATID_MIDASAppServer
 0002:0000107C       cBooleanToItemAutoFlag
 0002:00000534       CBooleanToRelationship
 0002:00006ABA       CF_COMPONENT
 0002:00006AB8       CF_PICTURE
 0002:00006818       ChangeAnyProc
 0001:00052564       ChangeBiDiModeAlignment
 0001:000091CC       ChangeFileExt
 0001:0009DA0C       ChangePassword
 0001:000A5CAC       CharacterString
 0002:00000E5C       CharCases
 0002:00000DF8       CharCases
 0001:00003A08       CharFromWChar
 0001:0000DF94       CharLength
 0001:000068A4       CharLowerBuff
 0001:000068AC       CharNext
 0001:0000031C       CharNext
 0001:0002D43C       CharsetToIdent
 0001:0000DEA8       CharToByteIndex
 0001:0000DF0C       CharToByteLen
 0001:000068B4       CharToOem
 0001:000068BC       CharToOemA
 0001:000068C4       CharToOemBuff
 0001:000068CC       CharUpperBuff
 0001:0002FA20       CheckBool
 0001:00133DF8       CheckCircularLinks
 0001:00125E90       CheckDbClient
 0001:0012342C       CheckError
 0001:00002E6C       CheckJmp
 0001:000068D4       CheckMenuItem
 0001:0012BDB0       CheckMetaData
 0001:00095E58       CheckNestedBrowseMode
 0001:000C75DC       CheckNet8
 0001:000C77F0       CheckNet9
 0001:001371F8       CheckNotChanged
 0001:00137DE0       CheckOption
 0002:000010CC       Checks
 0001:0013CBEC       CheckSignature
 0001:00122E60       CheckSocketResult
 0001:0007AB04       CheckSqlTimeStamp
 0001:00023D20       CheckSubComponents
 0001:0002949C       CheckSynchronize
 0001:0006C54C       CheckTaskWindow
 0001:00016054       CheckType
 0001:00053CEC       CheckUndock
 0001:0000DBD0       CheckWin32Version
 0002:000004A0       CInvalidCustomVariantType
 0002:00001080       cItemAutoFlagToBoolean
 0002:00001078       cItemAutoFlagToMenu
 0001:0002B578       Classes
 0001:00081A10       ClassIDToProgID
 0001:0001E550       ClassNotFound
 0002:000045CC       CLASS_RemDM
 0001:00122FC4       Cleanup
 0002:00006814       ClearAnyProc
 0001:0002CCCC       ClearColor
 0001:000824C4       ClearExcepInfo
 0001:00018FB4       ClearVariantTypeList
 0001:000068DC       ClientToScreen
 0001:0005D914       ClientToWindow
 0002:00000A0C       ClipboardFormats
 0001:0003B0B4       Clipbrd
 0002:00003124       Clipper501RusOrder
 0001:000E0040       ClipperVal
 0001:001091BC       CloseAllInInternalOpen
 0001:000068E4       CloseClipboard
 0001:0012BFB8       CloseDetailDatasets
 0001:00006354       CloseHandle
 0001:0013CDF8       CloseRegKey
 0001:00076A60       CloseServiceHandle
 0001:00121E4C       closesocket
 0002:0000698C       CloseThemeData
 0001:0001BB60       CLSIDFromProgID
 0001:0001BB50       CLSIDFromString
 0002:000043F0       CLSID_DSBase
 0002:00004400       CLSID_DSCursor
 0002:00004410       CLSID_DSWriter
 0002:00000648       CLSID_StdComponentCategoryMgr
 0002:00006040       CmdLine
 0002:0000603C       CmdShow
 0002:00001074       cMenuAutoFlagToItem
 0001:000F1AAC       CmpRec
 0001:000F1880       CmpRec
 0001:000ED838       CmpRec
 0002:00000540       CmpTypeMap
 0001:0000F96C       CmpUnimplemented
 0001:00111DB4       CntFld
 0001:00111AD8       CntFld
 0001:0010CD50       CntFld
 0002:00001398       CoAddRefServerProcess
 0001:0001BB40       CoCreateInstance
 0002:00001390       CoCreateInstanceEx
 0002:00006F30       code
 0002:00001A68       codesize
 0001:0001BB20       CoDisconnectObject
 0001:0001BB38       CoGetInterfaceAndReleaseStream
 0002:000013A8       CoInitFlags
 0001:0001BB00       CoInitialize
 0002:00001394       CoInitializeEx
 0001:0001EE1C       CollectionsEqual
 0001:0001BB28       CoLockObjectExternal
 0002:0000078C       Colors
 0001:0002D234       ColorToIdent
 0002:00000B2C       ColorToPretyName
 0001:0002D224       ColorToRGB
 0001:0001BB30       CoMarshalInterThreadInterfaceInStream
 0001:00028D28       CombineWideString
 0002:00000E48       ComboBoxStyles
 0001:00082694       ComClassManager
 0002:00006C34       ComClassManagerVar
 0001:0007F7FC       ComConst
 0002:00006900       ComCtl32DLL
 0002:00006B24       ComCtlVersion
 0001:000434DC       ComCtrls
 0002:00006BE8       CommandPool
 0001:00034DB0       CommCtrl
 0001:00037870       CommDlg
 0001:000007D8       Commit
 0002:00006628       committedRoot
 0001:000A359C       CommonType
 0001:000827AC       ComObj
 0001:0007D778       CompactBcd
 0001:000799F0       CompareDate
 0001:0007BB54       CompareDigits
 0001:000650E4       CompareFront
 0001:00144074       CompareLocate_SortCaseSensitive
 0001:00144120       CompareLocStr
 0001:0000832C       CompareMem
 0001:00146F30       CompareNodes
 0001:0007D558       CompareNormalizedFractions
 0001:000082FC       CompareStr
 0001:0000635C       CompareString
 0001:00006364       CompareStringA
 0001:00146958       CompareStrings
 0001:0000636C       CompareStringW
 0001:0000834C       CompareText
 0001:00008D34       CompareWith
 0001:00023E00       ComponentCreated
 0002:00001AA4       CompressionMagicValue1
 0002:00001AA8       CompressionMagicValue2
 0001:0002F7F0       ComputeAldusChecksum
 0001:00129930       ComputeInfoCount
 0001:00141494       ComServ
 0002:000072E4       ComServer
 0001:0003B070       ComStrs
 0001:00137D4C       ConcatField
 0001:000C486C       Confirm
 0001:00121E54       connect
 0001:000C725C       ConnectAsToString
 0001:0002B96C       Consts
 0001:00034C18       Contnrs
 0002:00006B5A       ControlAtom
 0002:00006B60       ControlAtomString
 0001:000712E0       ControlHasHelp
 0001:0009CD50       ControlPressed
 0001:0006100C       Controls
 0002:00000690       Convert
 0002:000006A0       Convert
 0001:000F466C       convert
 0001:0000D0D8       ConvertAddr
 0001:0000B038       ConvertEraString
 0001:0000817C       ConvertError
 0001:00008194       ConvertErrorFmt
 0001:000B36D0       ConvertFileWildcards
 0001:00028C18       ConvertHeader
 0001:00029220       ConvertObject
 0001:00028BB8       ConvertOrderModifier
 0001:0002914C       ConvertProperty
 0001:000D7D2C       ConvertType
 0001:00028DB4       ConvertValue
 0001:0000B1A0       ConvertYearString
 0001:00004FC8       CopyArray
 0001:00031BBC       CopyBitmap
 0001:00032284       CopyBitmapAsMask
 0001:0007E3D4       CopyByte
 0001:00142B78       CopyChars
 0001:00142B54       CopyData
 0001:00142B4C       CopyData
 0001:00006664       CopyEnhMetaFile
 0001:000E0F48       CopyFile
 0001:0003D704       CopyImage
 0001:00032220       CopyPalette
 0002:00000D6C       Copyright
 0001:000681D4       CopyToBest
 0001:0001BB10       CoRegisterClassObject
 0002:0000139C       CoReleaseServerProcess
 0002:000013A0       CoResumeClassObjects
 0001:0001BB18       CoRevokeClassObject
 0002:000013A4       CoSuspendClassObjects
 0001:000081C0       CoTaskMemFree
 0001:0001BB68       CoTaskMemFree
 0001:0001BB08       CoUninitialize
 0001:0000DE18       CountChars
 0002:000068C8       CounterLock
 0001:000C69A4       CountStr
 0002:000004A4       CRangeToType
 0001:000E8D60       CRC32
 0001:0013A4F4       CreateAggsFromAggFields
 0001:0000D62C       CreateAssertException
 0001:0000D7B4       CreateAVObject
 0001:0000666C       CreateBitmap
 0001:00006674       CreateBrushIndirect
 0001:00081B9C       CreateComObject
 0001:0000667C       CreateCompatibleBitmap
 0001:00006684       CreateCompatibleDC
 0001:00023E80       CreateComponent
 0001:00126068       CreateDbClientObject
 0001:00006694       CreateDIBitmap
 0001:0000668C       CreateDIBSection
 0001:000EFFCC       CreateEmptyIndex
 0001:0001BC00       CreateErrorInfo
 0001:00006374       CreateEvent
 0001:000A6B74       CreateExpression
 0001:0000637C       CreateFile
 0001:0000669C       CreateFontIndirect
 0001:000066A4       CreateHalftonePalette
 0001:000068EC       CreateIcon
 0001:0000D558       CreateInOutError
 0001:000068F4       CreateMenu
 0001:00038330       CreateMessageDialog
 0001:000F529C       CreateNewBuffer
 0001:0010E4DC       CreateNewStream
 0001:000066AC       CreatePalette
 0001:000066B4       CreatePenIndirect
 0001:000068FC       CreatePopupMenu
 0001:00081A3C       CreateRegKey
 0001:00006384       CreateSemaphore
 0001:00076A68       CreateService
 0001:000066BC       CreateSolidBrush
 0001:0002EFE8       CreateSystemPalette
 0001:0000638C       CreateThread
 0001:00000324       CreateThread
 0001:00141CB4       CreateVCLComObject
 0002:00000678       CreateVCLComObjectProc
 0001:00006EEC       CreateWindow
 0001:00006E94       CreateWindowEx
 0002:00000F18       CreationControl
 0002:00000A64       CreationControl
 0002:00000618       CRelationshipToBoolean
 0002:00000468       CResult
 0002:00007084       CriticalNDC
 0002:00000F04       CSHREDRAW
 0002:00000168       cSimpleBoolStrs
 0002:000005C0       CText
 0002:00000EA0       Ctl3DStyles
 0002:00001014       Ctl3DStyles
 0002:000005BC       CTruth
 0002:00006620       curAlloc
 0001:00016D64       CurrCompare
 0002:0000668C       CurrencyDecimals
 0002:00006688       CurrencyFormat
 0002:00006684       CurrencyString
 0001:0000AED0       CurrentYear
 0001:00016660       CurrOp
 0001:0007E2B0       CurrToBCD
 0001:0000A75C       CurrToStr
 0001:0000A7C4       CurrToStrF
 0001:00014588       CurrToWStrViaOS
 0002:0000732C       CursorController
 0002:000011F4       CursorMap
 0002:00000F28       Cursors
 0001:00052884       CursorToIdent
 0002:000011E4       cUseAlpha
 0002:000011EC       cUseColorKey
 0002:00000360       CVarTypeToElementInfo
 0001:00008A44       CvtInt
 0001:00008AB0       CvtInt64
 0002:00001384       CWNear
 0002:000001A8       CWNear
 0002:00006F14       dad
 0002:00003B24       DanishCollation
 0002:00000F0C       Data
 0001:000886D4       DatabaseError
 0001:00088780       DatabaseErrorFmt
 0001:00127184       DataBkr
 0002:000070DC       DataModule2
 0001:00126178       DataPacketSize
 0001:00126194       DataPacketToVariant
 0001:0013941C       DataStored
 0002:000043C4       DataTypeMap
 0001:00016D3C       DateCompare
 0001:00016198       DateOp
 0002:0000668D       DateSeparator
 0001:000A376C       DateString
 0001:00142BE4       DateTimeToMemDataValue
 0001:000958F0       DateTimeToNative
 0001:0007AA34       DateTimeToSQLTimeStamp
 0001:0000BAE8       DateTimeToStr
 0001:0000BA5C       DateTimeToString
 0001:0000A9B4       DateTimeToTimeStamp
 0001:0000BAB8       DateToStr
 0001:000145C0       DateToWStrViaOS
 0001:00079A5C       DateUtils
 0001:0000AE58       DayOfWeek
 0001:000799B8       DaysInAMonth
 0001:000981D0       DB
 0002:00006C44       DBApplication
 0001:0013C1AC       DBClient
 0002:00004420       DbClientHandle
 0001:000A2D90       DBCommon
 0001:00079CEC       DBConsts
 0002:00006C40       DBScreen
 0002:000001A4       DCon10
 0002:00000788       DDBsOnly
 0001:0002B4A0       DeallocateHWnd
 0002:0000705C       Debug
 0002:0000002C       DebugHook
 0002:0000668B       DecimalSeparator
 0001:00018824       DecIndices
 0001:000A75EC       DecodeChar
 0001:000C735C       DecodeConnectString
 0001:0000AE38       DecodeDate
 0001:0000ACEC       DecodeDateFully
 0001:000A7634       DecodePosition
 0001:0000AB5C       DecodeTime
 0001:0000086C       Decommit
 0001:00000E88       DecommitFree
 0002:000065FC       decommittedRoot
 0001:0006EF68       Default
 0001:000746C8       Default
 0002:00000024       Default8087CW
 0002:00000F1C       DefaultDockTreeClass
 0001:00098A24       DefaultDomain
 0002:000013D0       DefaultFieldClasses
 0002:00007068       DefaultHierarchy
 0002:0000165C       DefaultHomeName
 0002:00007064       DefaultLoggerFactory
 0002:000015F8       DefaultOCIDLL
 0002:000065C0       DefaultUserCodePage
 0002:000009DC       DefBrushData
 0002:0000075C       DefFontData
 0001:00006904       DefFrameProc
 0002:00000234       DefLongDayNames
 0002:000001E8       DefLongMonthNames
 0001:0000690C       DefMDIChildProc
 0002:000009BC       DefPenData
 0002:00000218       DefShortDayNames
 0002:000001B8       DefShortMonthNames
 0001:00006914       DefWindowProc
 0001:00005334       DelayLoadResourceModule
 0001:00000528       DeleteBlock
 0001:00000498       DeleteCriticalSection
 0001:00006394       DeleteCriticalSection
 0002:000070D4       DeleteCS
 0001:000066C4       DeleteDC
 0001:000066CC       DeleteEnhMetaFile
 0001:00009110       DeleteFile
 0001:0000639C       DeleteFile
 0001:00000CD0       DeleteFree
 0001:0000691C       DeleteMenu
 0001:000A6EF0       DeleteNode
 0001:000066D4       DeleteObject
 0001:000EE190       DeletePage
 0001:00081AD4       DeleteRegKey
 0001:00126428       DeleteRegValue
 0001:0004BF08       DeleteSelectedText
 0001:00076A70       DeleteService
 0001:000EE7D0       DelItemi
 0001:000EE410       DelPage
 0001:000C7A0C       DelphiToOracleDate
 0001:000062E4       DeregisterEventSource
 0001:00031778       DeselectBitmap
 0001:00006924       DestroyCursor
 0001:0000692C       DestroyIcon
 0001:0003D834       DestroyLocals
 0001:00006934       DestroyMenu
 0001:0000693C       DestroyWindow
 0001:0004FAF0       DialogEnumerationTester
 0002:00001690       DialogMonitor
 0001:00038BA0       Dialogs
 0002:00000A18       DIBPalSizes
 0002:000000BC       dig
 0001:00008FF8       DirectoryExists
 0001:0009825C       DirectoryExists
 0001:001264F4       DisableSocketTransport
 0001:0006C3A0       DisableTaskWindows
 0001:001265F0       DisableWebTransport
 0001:00081ED8       DispatchInvoke
 0001:000824B8       DispatchInvokeError
 0001:00006944       DispatchMessage
 0001:000725C0       DispatchShortCut
 0001:000824D4       DispCall
 0001:000825B8       DispCallByID
 0002:00006000       DispCallByIDProc
 0001:000823E4       DispCallError
 0001:0001BBE0       DispGetIDsOfNames
 0001:0001BBE8       DispInvoke
 0001:000887DC       DisposeMem
 0001:00008160       DivMod
 0001:000378A8       Dlgs
 0001:0009C2F0       DLLExit
 0002:000072B0       DllGetClassObject
 0001:0009A270       DLLInit
 0001:0009A060       DLLLoaded
 0002:00001A7C       dmRecordChanged
 0002:00001A80       dmRecordDeleted
 0002:00001A78       dmRecordLocked
 0001:000584FC       DoAlign
 0001:00073954       DoAlign
 0002:00001B40       DOAType
 0001:00094F9C       DoBindFields
 0001:0005C5F4       DoCalcConstraints
 0002:00006B90       DockSiteList
 0001:00068DF4       DoClick
 0001:00059C40       DoControlMsg
 0001:0006C350       DoDisableWindow
 0001:00053618       DoDragOver
 0001:00102738       DoEncodeDate
 0001:00008220       DoExitProc
 0001:0005E644       DoFindControlZone
 0001:0006C48C       DoFindWindow
 0001:0005EBD0       DoFindZone
 0001:0005E6C8       DoForEach
 0001:0005FFD4       DoGetNextLimit
 0001:0011B35C       Done
 0001:0006C318       DoneApplication
 0001:00078F30       DoneApplication
 0001:00060D34       DoneControls
 0001:0000DAE0       DoneExceptions
 0001:00078398       DoneServiceApplication
 0001:0007093C       DoNestedActivation
 0001:00029438       DoneThreadSynchronization
 0001:000737A4       DoPosition
 0001:000580BC       DoPosition
 0001:0005F5FC       DoPrune
 0001:00039D0C       DoRect
 0001:0005FAD4       DoSaveZone
 0001:0005FCD8       DoSetNewBounds
 0002:00001388       Dot
 0002:00000634       DotSep
 0002:00000CD8       DownStyles
 0001:00063744       DoWrite
 0001:000209F8       DoWrite
 0001:0002FC78       DoWrite
 0001:00030894       DoWrite
 0001:00059228       DoWriteDesignSize
 0001:0002B0AC       DoWriteHeight
 0001:0002B044       DoWriteHorizontalOffset
 0001:00056C94       DoWriteIsControl
 0001:0002B078       DoWriteVerticalOffset
 0001:0002B01C       DoWriteWidth
 0002:00006B74       DragCapture
 0002:00006B68       DragControl
 0001:00053D60       DragDone
 0001:000535C8       DragFindTarget
 0001:0005359C       DragFindWindow
 0002:00006B8C       DragImageList
 0001:000539B8       DragInit
 0001:00053B28       DragInitControl
 0002:00006B70       DragInternalObject
 0001:000534E4       DragMessage
 0002:00006B6C       DragObject
 0002:00006B98       DragSave
 0002:00006B80       DragSaveCursor
 0002:00006B78       DragStartPos
 0002:00006B84       DragThreshold
 0001:000536E8       DragTo
 0001:00074704       DrawAppIcon
 0001:0005F168       DrawCloseButton
 0001:0000694C       DrawEdge
 0001:00006954       DrawFocusRect
 0001:0000695C       DrawFrameControl
 0001:0005F1C0       DrawGrabberLine
 0001:00006964       DrawIcon
 0001:0000696C       DrawIconEx
 0002:00001050       DrawingStyles
 0001:00006974       DrawMenuBar
 0001:0006A134       DrawMenuItem
 0001:0000697C       DrawText
 0002:00006990       DrawThemeBackground
 0002:000069B4       DrawThemeEdge
 0002:000069B8       DrawThemeIcon
 0002:00006A3C       DrawThemeParentBackground
 0002:00006994       DrawThemeText
 0001:00123CE4       DropStream
 0001:0012624C       DSIntf
 0002:00001AA0       dtNoMasterRefresh
 0002:00001A9C       dtNoQBEDetached
 0002:00001A88       dtNoQBEForCursor
 0002:00001A98       dtNoQBEMasterLess
 0002:00001A90       dtNoQBEOperation
 0002:00001A8C       dtNoQBEUpdatesPending
 0001:000DFB4C       DtoS
 0002:00001A94       dtQBEOperation
 0001:000DFC34       DTtoS
 0001:0002EAB8       DupBits
 0002:00003A24       DutchCollation
 0002:00004680       dxFieldType
 0002:000045E8       dxFieldType
 0001:00149B18       dxmdaset
 0001:0014FC24       dxtree
 0002:0000731C       dxTreeViewDragImages
 0001:000187D0       DynArrayBounds
 0001:00004FE0       DynArrayClear
 0001:00018748       DynArrayDim
 0001:0001872C       DynArrayElTypeInfo
 0001:00018C80       DynArrayFromVariant
 0001:000186EC       DynArrayIndex
 0001:00004FE8       DynArraySetLength
 0001:00018760       DynArraySize
 0001:00018930       DynArrayToVariant
 0001:00018890       DynArrayVariantBounds
 0001:000188E8       DynArrayVarType
 0002:00001854       d_code
 0002:00001954       d_len
 0001:00133270       EDBClient.Create
 0002:0000113C       EdgeStyle
 0002:00001004       EdgeStyles
 0002:00000E90       EdgeStyles
 0001:00128904       EDSWriter.Create
 0001:0011B774       EfdcException.Create
 0001:0011B834       EfdcException.Destroy
 0001:0011B960       EfdcException.GetDetailsString
 0001:0000D52C       EHeapException.FreeInstance
 0002:00000E14       Empty
 0001:00006984       EmptyClipboard
 0001:00016BC8       EmptyCompare
 0001:000165C8       EmptyOp
 0002:00006800       EmptyParam
 0002:000000EC       EmptyStr
 0002:000000F0       EmptyWideStr
 0001:0000698C       EnableMenuItem
 0002:000010D4       Enables
 0001:00006994       EnableScrollBar
 0001:00126468       EnableSocketTransport
 0001:0006C454       EnableTaskWindows
 0002:00006A24       EnableThemeDialogTexture
 0002:00006A40       EnableTheming
 0001:00126568       EnableWebTransport
 0001:0000699C       EnableWindow
 0001:000A7504       EncodeChar
 0001:0000ACBC       EncodeDate
 0001:000A75B8       Encodeend
 0001:000A7574       EncodePosition
 0001:0000AB1C       EncodeTime
 0001:0001EBE8       EndGlobalLoading
 0001:000A7738       endLZH
 0001:000A1154       EndOfLiteral
 0001:000069A4       EndPaint
 0001:000038E0       EndThread
 0001:000063A4       EnterCriticalSection
 0001:00000488       EnterCriticalSection
 0001:000C698C       EnterKey
 0001:000063AC       EnumCalendarInfoA
 0002:00006924       EnumDisplayMonitors
 0001:0000CD4C       EnumEraNames
 0001:0000CD88       EnumEraYearOffsets
 0001:0006F52C       EnumMonitorsProc
 0001:0013CD54       EnumRegKey
 0001:000069AC       EnumThreadWindows
 0001:00023590       EnumValue
 0001:000069B4       EnumWindows
 0001:000A5A78       EoE
 0001:00081860       EOleException.Create
 0001:00081790       EOleSysError.Create
 0001:000C7F0C       EOracleError.Create
 0001:000CA058       EOracleMTSError.Create
 0001:000DF18C       EOracleSQLError.Create
 0001:000DF340       EOracleSQLError.Destroy
 0001:000069BC       EqualRect
 0002:00006754       EraNames
 0001:0000C114       EraToYear
 0001:0000BD74       EraToYear
 0002:00006770       EraYearOffsets
 0001:001332F0       EReconcileError.Create
 0002:00000094       errCaption
 0001:00064E34       Error
 0001:00022D74       Error
 0001:0001E0F4       Error
 0001:00001948       Error
 0001:0008A3F0       Error
 0002:00007050       Error
 0002:00000004       ErrorAddr
 0001:000018FC       ErrorAt
 0001:0000D5D8       ErrorHandler
 0002:000070B0       ErrorHandlerClasses
 0002:000070AC       ErrorHandlerNames
 0002:00000250       ErrorMap
 0002:00006008       ErrorProc
 0002:000063E8       ErrOutput
 0001:0000FE70       ESafeArrayError.CreateHResult
 0001:00088600       EUpdateError.Create
 0001:000886A4       EUpdateError.Destroy
 0001:000F7248       EvaluteKeyExpr
 0001:000FD438       EvaluteNodeValueComplex
 0002:00001528       Events
 0001:0000189C       ExceptAddr
 0002:0000600C       ExceptClsProc
 0001:0000DA4C       ExceptHandler
 0001:0000D358       Exception.Create
 0001:0000D394       Exception.CreateFmt
 0001:0000D4E4       Exception.CreateHelp
 0001:0000D414       Exception.CreateRes
 0001:0000D450       Exception.CreateResFmt
 0002:0000601C       ExceptionClass
 0001:0000D0E4       ExceptionErrorMessage
 0002:00000288       ExceptMap
 0001:0000187C       ExceptObject
 0002:00006010       ExceptObjProc
 0002:00006004       ExceptProc
 0001:001458A0       ExchangeLists
 0001:000066DC       ExcludeClipRect
 0002:000015FC       ExcludedOCIDLLs
 0002:00000000       ExitCode
 0001:000036B8       ExitDll
 0002:00006048       ExitProc
 0001:00000334       ExitProcess
 0002:00006028       ExitProcessProc
 0002:00000164       ExitProcList
 0001:0000032C       ExitThread
 0001:000093FC       ExpandFileName
 0001:000A69D4       Expression
 0001:0003FA24       ExtActns
 0001:0003AFD0       ExtCtrls
 0001:0003D95C       ExtDlgs
 0002:00000EE4       ExtendSelects
 0002:00001644       ExtProcDetected
 0001:00088804       ExtractFieldName
 0001:00009294       ExtractFileDir
 0001:000092E8       ExtractFileDrive
 0001:000093B4       ExtractFileExt
 0001:0000937C       ExtractFileName
 0001:00009260       ExtractFilePath
 0001:0007EFF0       ExtractLiterals
 0001:0007EC44       ExtractMoneySymbol
 0001:00009438       ExtractShortPathName
 0002:000044BC       ExtraFieldProps
 0001:000066E4       ExtTextOut
 0001:000A5FFC       Factor
 0002:00001694       FailedLogonCount
 0002:00006790       FalseBoolStrs
 0002:0000704C       Fatal
 0002:00006AC0       FClipboard
 0002:00000198       FCon1E18
 0002:00001380       FConst10
 0001:0014FCA0       fdcConsts
 0001:0011BDCC       fdcExceptions
 0001:0014FFFC       fdcUtils
 0001:00121E24       FD_SET
 0001:00121E34       FD_ZERO
 0001:000A5DB0       FieldnameString
 0002:00004350       FieldTypeMap
 0002:00001468       FieldTypeNames
 0001:000AB850       FieldVariable
 0001:001133A0       FIELD_REC.Create
 0001:001133E4       FIELD_REC.GetFFIELD_REC_STRUCT
 0001:00113350       FIELD_REC.GetMaxFieldNameSize
 0001:0011320C       FIELD_REC.Get_extend_type
 0001:00113384       FIELD_REC.Get_FieldFlag
 0001:001132A0       FIELD_REC.Get_field_name
 0001:00113220       FIELD_REC.Get_field_type
 0001:00113248       FIELD_REC.Get_NativeNextAutoInc
 0001:00113368       FIELD_REC.Get_NativeStepAutoInc
 0001:00113234       FIELD_REC.Get_NextAutoInc
 0001:001132C0       FIELD_REC.Get_plendth
 0001:001132E0       FIELD_REC.SetFeildName
 0001:0011327C       FIELD_REC.SetFIELD_REC_VER
 0001:0011325C       FIELD_REC.Set_extend_type
 0001:00113398       FIELD_REC.Set_FieldFlag
 0001:00113264       FIELD_REC.Set_field_type
 0001:00113274       FIELD_REC.Set_NativeNextAutoInc
 0001:0011337C       FIELD_REC.Set_NativeStepAutoInc
 0001:0011326C       FIELD_REC.Set_NextAutoInc
 0001:00008F80       FileAge
 0001:00008F78       FileClose
 0001:00008EB0       FileCreate
 0001:00008ED4       FileCreate
 0001:00098294       FileCtrl
 0001:00008FE8       FileExists
 0002:00000A10       FileFormats
 0001:000DFA98       FileLock
 0002:0000000C       FileMode
 0001:00008E58       FileOpen
 0001:00008EDC       FileRead
 0002:00000684       FilerSignature
 0001:00009470       FileSearch
 0001:00008F34       FileSeek
 0001:00008F40       FileSeek
 0001:000063B4       FileTimeToDosDateTime
 0001:000063BC       FileTimeToLocalFileTime
 0001:000DFAB8       FileUnLock
 0001:00008F08       FileWrite
 0001:00000DB8       FillAfterGap
 0001:00000D64       FillBeforeGap
 0001:000F50FC       FillBuffer
 0001:00000E50       FillerSizeAfterGap
 0001:00000DE0       FillerSizeBeforeGap
 0001:000E377C       FillNodes
 0001:000E42EC       FillNodes
 0001:000F3AE0       FillNtxHeader
 0001:000F1324       FillNtxHeader
 0001:000069C4       FillRect
 0002:00000CE0       FillStyles
 0001:00142914       FillZeroData
 0002:000070B8       FilterClasses
 0002:000070B4       FilterNames
 0001:000DF37C       Finalization
 0001:000DD698       Finalization
 0001:0012587C       Finalization
 0001:000769C0       Finalization
 0001:0004EF7C       Finalization
 0001:00113404       Finalization
 0001:0004F0E4       Finalization
 0001:0004FD68       Finalization
 0001:0007AC10       Finalization
 0001:00150628       Finalization
 0001:0000F5D8       Finalization
 0001:00010260       Finalization
 0001:00037648       Finalization
 0001:000376B8       Finalization
 0001:000376F0       Finalization
 0001:0001BC14       Finalization
 0001:00037728       Finalization
 0001:000C2AF8       Finalization
 0001:00037760       Finalization
 0001:00037798       Finalization
 0001:000377D0       Finalization
 0001:00037808       Finalization
 0001:00037840       Finalization
 0001:00037878       Finalization
 0001:000C4834       Finalization
 0001:0003FA2C       Finalization
 0001:0003F9D4       Finalization
 0001:0011B490       Finalization
 0001:0011BD9C       Finalization
 0001:00038B44       Finalization
 0001:0011F788       Finalization
 0001:00120258       Finalization
 0001:00121AB0       Finalization
 0001:00121DEC       Finalization
 0001:0009EE30       Finalization
 0001:0002B4C8       Finalization
 0001:0003AF88       Finalization
 0001:0003B040       Finalization
 0001:0002B93C       Finalization
 0001:000A6C04       Finalization
 0001:0003B078       Finalization
 0001:000C4A34       Finalization
 0001:0003B1C0       Finalization
 0001:001329C8       Finalization
 0001:00079CBC       Finalization
 0001:0003F97C       Finalization
 0001:00079A2C       Finalization
 0001:00121F0C       Finalization
 0001:0003F918       Finalization
 0001:0003F8B0       Finalization
 0001:00079980       Finalization
 0001:0003D92C       Finalization
 0001:00078F70       Finalization
 0001:0009C734       Finalization
 0001:0003D8CC       Finalization
 0001:000DF8E0       Finalization
 0001:00005F20       Finalization
 0001:000E054C       Finalization
 0001:000E1464       Finalization
 0001:00125CA8       Finalization
 0001:0001B998       Finalization
 0001:0000740C       Finalization
 0001:0015066C       Finalization
 0001:00007074       Finalization
 0001:00036CC4       Finalization
 0001:00043464       Finalization
 0001:000368CC       Finalization
 0001:00100840       Finalization
 0001:0000703C       Finalization
 0001:0006A410       Finalization
 0001:000A2D60       Finalization
 0001:000E8C84       Finalization
 0001:000E8CBC       Finalization
 0001:000FA3F4       Finalization
 0001:000365A8       Finalization
 0001:00036570       Finalization
 0001:00141D68       Finalization
 0001:00036528       Finalization
 0001:00034604       Finalization
 0001:00141D30       Finalization
 0001:00149AE8       Finalization
 0001:00141CDC       Finalization
 0001:000E954C       Finalization
 0001:00034838       Finalization
 0001:000E9628       Finalization
 0001:00035540       Finalization
 0001:0008272C       Finalization
 0001:00035500       Finalization
 0001:00149B20       Finalization
 0001:00044174       Finalization
 0001:00125DC8       Finalization
 0001:00127154       Finalization
 0001:00034BE8       Finalization
 0001:00006150       Finalization
 0001:00034D80       Finalization
 0001:00141448       Finalization
 0001:001261FC       Finalization
 0001:000061E0       Finalization
 0001:00060FA4       Finalization
 0001:0014B38C       Finalization
 0001:000F7704       Finalization
 0001:000622D4       Finalization
 0001:0014FB94       Finalization
 0001:0001A08C       Finalization
 0001:00098174       Finalization
 0001:0014FBF4       Finalization
 0001:0014FC70       Finalization
 0001:00140954       Finalization
 0001:00019DD0       Finalization
 0001:0013FEB4       Finalization
 0001:000F773C       Finalization
 0001:0007F70C       Finalization
 0001:00098264       Finalization
 0001:0007F7CC       Finalization
 0001:00063E94       Finalization
 0001:000A7C74       Finalization
 0001:0013C17C       Finalization
 0001:0013C548       Finalization
 0001:000A800C       Finalization
 0001:00076AA0       Finalization
 0001:0014FFCC       Finalization
 0001:00004FD8       FinalizeArray
 0001:000034EC       FinalizeUnits
 0001:00068BB4       Find
 0001:00098C24       FindAliases
 0001:00026164       FindAncestor
 0001:0011AB08       FindAppender
 0001:0010EE94       FindBDVAvailBlock
 0001:0010ECA8       FindBDVAvailBlockInternal
 0001:000053A4       FindBS
 0001:0001E610       FindClass
 0001:0011A984       FindClass
 0001:0000532C       FindClassHInstance
 0001:000063C4       FindClose
 0001:00000344       FindClose
 0001:000090F4       FindClose
 0001:0000E99C       FindCmdLineSwitch
 0001:00000D34       FindCommitted
 0001:00052664       FindControl
 0001:0005EDFC       FindControlAtPos
 0001:00019B84       FindCustomVariantType
 0001:00019C3C       FindCustomVariantType
 0001:00054084       FindDragTarget
 0001:0011ACB0       FindErrorHandler
 0001:00024030       FindExistingComponent
 0001:0011AD7C       FindFilter
 0001:00009080       FindFirst
 0001:0000034C       FindFirstFile
 0001:000063CC       FindFirstFile
 0001:0010EB2C       FindFoxProAvailBlock
 0001:0006C598       FindGlobalComponent
 0001:0001EA78       FindGlobalComponent
 0002:00006864       FindGlobalComponentProcs
 0001:00005304       FindHInstance
 0001:000986B0       FindHomeKey
 0001:0001E920       FindIdentToInt
 0001:0001E8A4       FindIntToIdent
 0001:0011AE48       FindLayout
 0001:0011ABDC       FindLoggerFactory
 0001:0000901C       FindMatchingFile
 0002:00006A80       FindMsg
 0001:00023120       FindNestedComponent
 0001:000090D0       FindNext
 0001:000063D4       FindNextFile
 0001:00099CA8       FindOCIDLL
 0001:000F8ADC       FindOpened
 0001:00064DFC       FindPopupControl
 0001:0000FF28       FindProc
 0001:0011AEC8       FindRendered
 0001:0011AF78       FindRenderer
 0001:000063DC       FindResource
 0001:0000537C       FindResourceHInstance
 0001:000BA088       FindRowIdIndex
 0001:00076214       FindScanline
 0001:0004EB30       FindString
 0001:00140F44       FindSwitch
 0001:00078CA8       FindSwitch
 0001:0006C4F0       FindTopMostWindow
 0001:00024F14       FindUniqueName
 0001:00017F24       FindVarData
 0001:000C6BCC       FindVariables
 0001:00054050       FindVCLWindow
 0001:000069CC       FindWindow
 0001:0004FB48       FindWinHelp
 0002:00003924       FinnishCollation
 0001:000AA348       FirstWord
 0001:000A45A4       Fit
 0001:00031B70       FixupBitFields
 0002:0000114C       Flags
 0002:000067A0       FLanguages
 0001:000368FC       FlatSB
 0002:00006950       FlatSB_EnableScrollBar
 0002:0000695C       FlatSB_GetScrollInfo
 0002:00006960       FlatSB_GetScrollPos
 0002:00006958       FlatSB_GetScrollRange
 0002:00006968       FlatSB_SetScrollInfo
 0002:00006964       FlatSB_SetScrollPos
 0001:000365EC       FlatSB_SetScrollProp
 0002:0000696C       FlatSB_SetScrollRange
 0002:00006954       FlatSB_ShowScrollBar
 0002:00004378       FldSubTypeMap
 0001:0000A3EC       FloatToDecimal
 0001:0000A72C       FloatToStr
 0001:0000A78C       FloatToStrF
 0001:00009E24       FloatToText
 0001:0000A0F8       FloatToTextFmt
 0001:00001DAC       Flush
 0002:000001AC       FMSecsPerDay
 0001:0007F748       FMTBcd
 0002:0000134C       FMTBcdVariantType
 0001:00009D20       FmtStr
 0002:00001168       FocusCount
 0002:00001164       FocusMessages
 0002:0000092C       FontCharsets
 0002:000068E0       FontManager
 0002:00001614       ForceOCI7
 0001:0006C56C       ForegroundTask
 0002:000070EC       Form1
 0001:00009D0C       Format
 0002:000001B4       Format
 0001:0007F644       FormatBcd
 0001:00009914       FormatBuf
 0001:00009908       FormatClearStr
 0001:0000A854       FormatCurr
 0001:0000BAFC       FormatDateTime
 0001:0000988C       FormatError
 0002:00000190       FormatErrorStrs
 0001:0000A7FC       FormatFloat
 0001:0007994C       FormatMaskText
 0001:000063E4       FormatMessage
 0001:0007F28C       FormatOneBcd
 0001:000098E4       FormatVarToStr
 0001:00076A1C       Forms
 0001:000024E0       FPower10
 0002:00000A60       FPrinter
 0001:0007DFB4       FractionToStr
 0001:00039DD0       Frame3D
 0001:000069D4       FrameRect
 0001:000DD5EC       FreeAllSessions
 0001:0000F170       FreeAndNil
 0001:00000AA0       FreeCommitted
 0001:00000FC0       FreeCurAlloc
 0001:001260DC       FreeDataPacket
 0001:00054144       FreeDeviceContext
 0001:00054200       FreeDeviceContexts
 0001:0002AC74       FreeIntConstList
 0001:00000354       FreeLibrary
 0001:000063EC       FreeLibrary
 0001:00142938       FreeMem
 0001:00005A88       FreeMemory
 0001:000316CC       FreeMemoryContexts
 0001:0006C618       FreeObjectInstance
 0001:0002B3C8       FreeObjectInstance
 0001:0000640C       FreeResource
 0001:00000720       FreeSpace
 0001:0000EB9C       FreeTerminateProcs
 0001:00036CFC       FreeThemeLibrary
 0001:0013CCEC       FreeWinSock2
 0002:00003324       FrenchCollation
 0002:00006F1C       freq
 0002:00006B20       FRichEditModule
 0001:0010D0C0       FullScan
 0001:0000EC6C       GDAL
 0001:0002EAA8       GDICheck
 0001:0002EA00       GDIError
 0001:0011C34C       GenInsertForDataSet
 0002:00003224       GermanCollation
 0001:00001C94       Get8087CW
 0001:00006414       GetACP
 0001:000069DC       GetActiveWindow
 0001:00073E30       GetAnimation
 0001:0014FF8C       GetAppVersion
 0001:0014FF04       GetAppVersion
 0001:00037C8C       GetAveCharSize
 0001:000A7064       GetBit
 0001:000066EC       GetBitmapBits
 0001:000004A0       GetBlockDesc
 0001:00134A14       GetBoolParam
 0001:000066F4       GetBrushOrgEx
 0002:00001A54       getbuf
 0001:000A70CC       GetByte
 0001:000069E4       GetCapture
 0001:00052980       GetCaptureControl
 0001:00142A90       GetCharSize
 0001:0001E5BC       GetClass
 0001:000069EC       GetClassInfo
 0001:000069F4       GetClassName
 0001:000069FC       GetClientRect
 0001:00006A04       GetClipboardData
 0001:00030440       GetClipboardFormats
 0001:000066FC       GetClipBox
 0001:0000043C       GetCmdShow
 0001:0006252C       GetColor
 0001:00040D48       GetComCtlVersion
 0001:0000035C       GetCommandLine
 0001:000008EC       GetCommitted
 0001:0000097C       GetCommittedAt
 0001:000274F4       GetComponentValue
 0001:000597F4       GetControlAtPos
 0001:0000AF94       GetCount
 0001:0000641C       GetCPInfo
 0001:000095B8       GetCurrentDir
 0001:00000364       GetCurrentDirectory
 0001:00006704       GetCurrentPositionEx
 0001:00006424       GetCurrentProcessId
 0002:00006A34       GetCurrentThemeName
 0001:0000642C       GetCurrentThreadId
 0001:0000041C       GetCurrentThreadId
 0001:00006DE0       GetCurrentTime
 0001:00006A0C       GetCursor
 0001:00076224       GetCursorHeightMargin
 0001:00006A14       GetCursorPos
 0001:0013CE00       GetDataBrokerList
 0001:00143038       GetDataBuffer
 0001:00142AAC       GetDataSize
 0001:0000AFC0       GetDate
 0001:00006434       GetDateFormat
 0001:0000BC8C       GetDateOrder
 0001:00006A1C       GetDC
 0001:00006A24       GetDCEx
 0001:0000670C       GetDCOrgEx
 0001:00034214       GetDefFontCharSet
 0001:0001FFBC       GetDesigner
 0001:00006A2C       GetDesktopWindow
 0001:00006724       GetDeviceCaps
 0001:0002FA08       GetDIB
 0001:00006714       GetDIBColorTable
 0001:0000671C       GetDIBits
 0001:0002F950       GetDIBSizes
 0001:0002EC18       GetDInColors
 0001:0000643C       GetDiskFreeSpaceA
 0002:00000160       GetDiskFreeSpaceEx
 0001:000600B4       GetDockAlign
 0001:00053328       GetDockSiteAtPos
 0001:00053654       GetDropCtl
 0001:00002BDC       GetDynaMethod
 0001:0000672C       GetEnhMetaFileBits
 0001:00006734       GetEnhMetaFileHeader
 0001:0000673C       GetEnhMetaFilePaletteEntries
 0001:0001A978       GetEnumName
 0001:0001AA50       GetEnumNameValue
 0001:0001ACFC       GetEnumProp
 0001:0001AA9C       GetEnumValue
 0001:0000F2C0       GetEnvironmentVariable
 0001:00006444       GetEnvironmentVariable
 0001:0000CE00       GetEraNamesAndYearOffsets
 0001:0000BD20       GetEraYearOffset
 0001:0001BBF8       GetErrorInfo
 0001:0000D79C       GetExceptionClass
 0001:0000D980       GetExceptionObject
 0001:0000644C       GetExitCodeThread
 0001:0001E544       GetFieldClassTable
 0001:0009F9F0       GetFieldInfo
 0001:0012D068       GetFieldList
 0001:00100700       GetFieldListInternal
 0001:00147AD8       GetFieldTypeByNo
 0001:00142A28       GetFieldValue
 0001:00006454       GetFileAttributes
 0001:0011F958       GetFileContent
 0001:00030420       GetFileFormats
 0001:0000DBF0       GetFileVersion
 0001:0014FCA8       GetFileVersion
 0001:00006644       GetFileVersionInfo
 0001:0000664C       GetFileVersionInfoSize
 0001:000EB470       GetFirstFromSubTree
 0001:00138738       GetFlags
 0001:0001B424       GetFloatProp
 0001:00006A34       GetFocus
 0001:0002D45C       GetFontData
 0001:00006A3C       GetForegroundWindow
 0001:0007F580       GetFormat
 0001:0014D0E0       GetFormatDate
 0001:0011DFC4       GetFormatDate
 0001:0000E4F0       GetFormatSettings
 0001:0000645C       GetFullPathName
 0001:0002C9C8       GetHashCode
 0001:00071318       GetHelpInfo
 0001:000359C0       GetHelpSystem
 0001:00073C14       GetHint
 0001:00073C4C       GetHintControl
 0001:00121EC4       gethostbyname
 0001:0006A2B0       GetHotkey
[...]
   270 0001:0012108E   271 0001:00121091   273 0001:001210A8   275 0001:001210B8
   276 0001:00121167   282 0001:00121260   283 0001:00121283   284 0001:00121294
   286 0001:0012129F   288 0001:001212D3   289 0001:001212DC   290 0001:001212EC
   291 0001:001212FB   292 0001:0012132B   298 0001:00121360   299 0001:00121383
   300 0001:00121394   302 0001:0012139F   304 0001:001213D3   305 0001:001213DC
   306 0001:001213EC   307 0001:001213FB   308 0001:0012142B   311 0001:00121458
   312 0001:00121470   313 0001:00121477   314 0001:0012148B   315 0001:0012149F
   316 0001:001214B1   317 0001:001214BE   318 0001:001214C8   319 0001:001214EB
   323 0001:001214F0   324 0001:00121501   325 0001:0012150C   326 0001:00121517
   327 0001:00121522   328 0001:0012153E   331 0001:00121544   332 0001:00121563
   333 0001:00121572   334 0001:00121580   336 0001:001215A8   337 0001:001215B0
   339 0001:001215DA   343 0001:001215E4   344 0001:00121614   345 0001:0012161C
   346 0001:00121626   347 0001:00121634   348 0001:00121655   350 0001:0012165C
   351 0001:0012166E   352 0001:001216C7   353 0001:001216CA   355 0001:001216DF
   356 0001:0012170E   365 0001:00121718   366 0001:0012173C   368 0001:00121753
   369 0001:00121764   371 0001:00121790   372 0001:001217A7   373 0001:001217BE
   374 0001:001217D5   376 0001:001217DF   377 0001:001217E6   378 0001:001217F1
   379 0001:001217FC   380 0001:00121807   383 0001:00121868   385 0001:001218A0
   389 0001:001218D5   393 0001:0012197D   396 0001:00121AE0   396 0001:00121AE7

Line numbers for Unit1(Source\Unit1.pas) segment .text

    36 0001:00121CC0    37 0001:00121CCC    38 0001:00121CDA    43 0001:00121CE0
    44 0001:00121CEC    47 0001:00121D01    48 0001:00121D1A    49 0001:00121D2B
    50 0001:00121D39    52 0001:00121D5D    54 0001:00121D6D    58 0001:00121DAC
    59 0001:00121DB8    60 0001:00121DC5    64 0001:00121DCC    65 0001:00121DD8
    66 0001:00121DE8    68 0001:00121E1C    68 0001:00121E23

Line numbers for uScktSrv(Source\uScktSrv.pas) segment .text

    42 0001:0013FF40    74 0001:001401D4    75 0001:001401EF    76 0001:001401F8
    77 0001:00140206    78 0001:0014022E    79 0001:0014023A    80 0001:00140243
    81 0001:0014026F    86 0001:00140278    87 0001:00140284    88 0001:00140293
    89 0001:0014029F    90 0001:001402B0    91 0001:001402C7    94 0001:001402DC
    95 0001:001402E6    96 0001:001402EF    97 0001:00140314   100 0001:0014031C
   101 0001:00140326   102 0001:0014032F   103 0001:00140354   109 0001:0014035C
   110 0001:00140360   111 0001:00140383   114 0001:00140388   115 0001:0014038C
   116 0001:00140392   117 0001:0014039E   120 0001:001403A4   121 0001:001403A8
   122 0001:001403AE   123 0001:001403BA   129 0001:001403C0   130 0001:001403C3
   131 0001:001403D3   134 0001:001403D9   135 0001:001403ED   136 0001:001403F5
   138 0001:0014040C   132 0001:0014041C   140 0001:0014041E   149 0001:00140424
   150 0001:00140449   151 0001:00140450   152 0001:0014045E   153 0001:0014046F
   154 0001:00140488   155 0001:00140496   156 0001:001404A5   157 0001:001404BC
   158 0001:001404D3   159 0001:001404DC   160 0001:001404F8   161 0001:0014050F
   162 0001:0014051D   163 0001:00140525   164 0001:00140536   165 0001:00140542
   167 0001:0014054E   168 0001:0014055C   172 0001:00140589   173 0001:00140596
   174 0001:001405AA   176 0001:001405B4   177 0001:001405C0   178 0001:001405CE
   179 0001:001405D6   184 0001:001405E4   183 0001:001405ED   186 0001:00140604
   187 0001:0014062B   190 0001:00140648   166 0001:0014065B   193 0001:00140685
   194 0001:00140690   197 0001:001406AD   200 0001:001406CD   201 0001:001406D2
   203 0001:00140718   209 0001:00140744   210 0001:00140760   211 0001:0014076D
   212 0001:00140777   214 0001:00140788   215 0001:00140795   216 0001:001407A1
   217 0001:001407CB   222 0001:001407F8   223 0001:0014081E   224 0001:0014082B
   225 0001:00140837   227 0001:00140869   230 0001:001408A1   231 0001:001408AE
   232 0001:001408BA   233 0001:001408EB   235 0001:00140984   235 0001:0014098B

Line numbers for armtisvr_TLB(armtisvr_TLB.pas) segment .text

   151 0001:00141D98   151 0001:00141D9F

Line numbers for uAistConsts(Common\uAistConsts.pas) segment .text

    22 0001:00149B50    24 0001:00149B59    25 0001:00149B6A    26 0001:00149B76
    54 0001:00149B85    55 0001:00149B96    56 0001:00149BA2    70 0001:00149BB1

Line numbers for Service(Source\Service.pas) segment .text

    83 0001:00149ED0    84 0001:00149ED3    85 0001:00149EE0    88 0001:00149EE4
    89 0001:00149EED    90 0001:00149EF7    93 0001:00149EFC    96 0001:00149F23
    97 0001:00149F31    99 0001:00149F4A   100 0001:00149F59   101 0001:00149F7D
   102 0001:00149F9F   103 0001:00149FB6   106 0001:0014A006   107 0001:0014A009
   110 0001:0014A025   111 0001:0014A035    94 0001:0014A03C   113 0001:0014A069
   122 0001:0014A0E8   123 0001:0014A116   124 0001:0014A12C   125 0001:0014A138
   127 0001:0014A141   128 0001:0014A157   129 0001:0014A15D   132 0001:0014A162
   135 0001:0014A16C   136 0001:0014A19D   137 0001:0014A1AA   138 0001:0014A1B6
   139 0001:0014A1E3   140 0001:0014A1F1   141 0001:0014A20B   143 0001:0014A222
   144 0001:0014A24C   145 0001:0014A273   148 0001:0014A29A   149 0001:0014A2C4
   150 0001:0014A2EB   152 0001:0014A312   154 0001:0014A32F   155 0001:0014A345
   156 0001:0014A376   157 0001:0014A3A7   158 0001:0014A3D3   159 0001:0014A3FF
   160 0001:0014A42B   161 0001:0014A457   163 0001:0014A49B   167 0001:0014A4AB
   168 0001:0014A4C0   169 0001:0014A4CD   171 0001:0014A4E3   172 0001:0014A4F0
   173 0001:0014A4FC   176 0001:0014A52C   177 0001:0014A544   178 0001:0014A552
   180 0001:0014A55E   181 0001:0014A574   183 0001:0014A58A   184 0001:0014A595
   186 0001:0014A5A1   187 0001:0014A5A9   190 0001:0014A5DA   192 0001:0014A5DD
   193 0001:0014A5F4   194 0001:0014A60A   195 0001:0014A610   200 0001:0014A61C
   201 0001:0014A632   202 0001:0014A667   208 0001:0014A948   209 0001:0014A958
   211 0001:0014A96E   213 0001:0014A97D   214 0001:0014A98A   215 0001:0014A996
   216 0001:0014A9A5   218 0001:0014A9AF   220 0001:0014A9BE   221 0001:0014A9CB
   222 0001:0014A9D7   226 0001:0014A9E8   227 0001:0014AA11   228 0001:0014AA22
   224 0001:0014AA2A   231 0001:0014AA39   232 0001:0014AA47   233 0001:0014AA52
   234 0001:0014AA61   235 0001:0014AA6E   236 0001:0014AA7A   239 0001:0014AA89
   240 0001:0014AA97   243 0001:0014AAA2   244 0001:0014AAB8   245 0001:0014AABE
   251 0001:0014ABC0   252 0001:0014ABE3   255 0001:0014ABED   257 0001:0014AC06
   259 0001:0014AC1F   260 0001:0014AC2A   261 0001:0014AC56   263 0001:0014AC9E
   264 0001:0014ACB5   266 0001:0014ACB7   257 0001:0014ACBA   268 0001:0014ACED
   271 0001:0014AD24   273 0001:0014AD30   277 0001:0014AD34   278 0001:0014AD44
   279 0001:0014AD5A   283 0001:0014AD80   284 0001:0014AD90   285 0001:0014ADA6
   289 0001:0014ADD0   290 0001:0014ADF6   291 0001:0014AE71   295 0001:0014AEAC
   296 0001:0014AED2   297 0001:0014AF4D   300 0001:0014AF90   301 0001:0014AFB6
   302 0001:0014AFC6   304 0001:0014AFDF   305 0001:0014AFF0   306 0001:0014B054
   307 0001:0014B06B   310 0001:0014B0A2   311 0001:0014B0AF   312 0001:0014B0BB
   313 0001:0014B0F4   316 0001:0014B1D0   317 0001:0014B1F6   319 0001:0014B20F
   320 0001:0014B220   321 0001:0014B284   322 0001:0014B29B   324 0001:0014B2FA
   326 0001:0014B3BC   326 0001:0014B3C3

Line numbers for Unit4(Source\Unit4.pas) segment .text

   135 0001:0014B3C4   148 0001:0014BC0C   149 0001:0014BC1B   151 0001:0014BC21
   152 0001:0014BC33   153 0001:0014BC3B   156 0001:0014BC45   157 0001:0014BC4D
   158 0001:0014BC55   160 0001:0014BC67   163 0001:0014BC70   164 0001:0014BCAE
   166 0001:0014BCC4   168 0001:0014BD0D   169 0001:0014BD1B   170 0001:0014BD29
   171 0001:0014BD37   172 0001:0014BD5B   173 0001:0014BD79   174 0001:0014BD97
   176 0001:0014BDA8   177 0001:0014BDBC   180 0001:0014BDCA   182 0001:0014BE22
   188 0001:0014BE88   189 0001:0014BEA8   191 0001:0014BEBE   192 0001:0014BED0
   194 0001:0014BEE1   195 0001:0014BF08   196 0001:0014BF1E   198 0001:0014BF2C
   200 0001:0014BF3A   203 0001:0014BF47   204 0001:0014BF55   205 0001:0014BF63
   206 0001:0014BF83   205 0001:0014BFDA   220 0001:0014BFDF   221 0001:0014BFF0
   201 0001:0014BFF8   224 0001:0014C030   264 0001:0014C058   265 0001:0014C09B
   266 0001:0014C09F   268 0001:0014C0C1   269 0001:0014C0E5   270 0001:0014C0EB
   271 0001:0014C0FF   273 0001:0014C118   274 0001:0014C141   277 0001:0014C17F
   278 0001:0014C185   280 0001:0014C1D8   282 0001:0014C248   283 0001:0014C255
   285 0001:0014C26A   286 0001:0014C26E   293 0001:0014C270   266 0001:0014C273
   294 0001:0014C2CB   301 0001:0014C354   302 0001:0014C37D   303 0001:0014C387
   304 0001:0014C391   305 0001:0014C3A3   306 0001:0014C3AE   308 0001:0014C3BB
   309 0001:0014C3CD   311 0001:0014C3D7   312 0001:0014C3F3   313 0001:0014C405
   311 0001:0014C425   315 0001:0014C42A   316 0001:0014C461   317 0001:0014C477
   318 0001:0014C484   319 0001:0014C490   321 0001:0014C4D3   322 0001:0014C4E2
   323 0001:0014C4F0   327 0001:0014C513   332 0001:0014C523   333 0001:0014C538
   334 0001:0014C554   336 0001:0014C58C   344 0001:0014C624   345 0001:0014C653
   347 0001:0014C65D   348 0001:0014C66C   349 0001:0014C67A   350 0001:0014C684
   351 0001:0014C68F   353 0001:0014C6AB   354 0001:0014C6BF   356 0001:0014C6CF
   358 0001:0014C6DD   359 0001:0014C703   360 0001:0014C71B   351 0001:0014C71E
   362 0001:0014C730   366 0001:0014C740   367 0001:0014C758   368 0001:0014C769
   370 0001:0014C772   371 0001:0014C78D   372 0001:0014C7A8   366 0001:0014C7AB
   373 0001:0014C7B0   374 0001:0014C7C2   375 0001:0014C7D4   377 0001:0014C837
   386 0001:0014C880   387 0001:0014C8BD   388 0001:0014C8C2   390 0001:0014C8D0
   392 0001:0014C8EE   393 0001:0014C8FE   394 0001:0014C90D   395 0001:0014C971
   398 0001:0014C97E   399 0001:0014C9A4   400 0001:0014C9CE   403 0001:0014C9E1
   404 0001:0014C9EF   406 0001:0014CA1B   408 0001:0014CA1E   409 0001:0014CA27
   411 0001:0014CA2C   414 0001:0014CA36   401 0001:0014CA3E   417 0001:0014CA4A
   418 0001:0014CACB   419 0001:0014CB3B   427 0001:0014CC04   428 0001:0014CC27
   430 0001:0014CC2C   431 0001:0014CC3B   432 0001:0014CC49   433 0001:0014CC57
   434 0001:0014CC83   435 0001:0014CC99   437 0001:0014CCB5   438 0001:0014CCEF
   439 0001:0014CD03   440 0001:0014CD22   435 0001:0014CD25   441 0001:0014CD2A
   442 0001:0014CD40   444 0001:0014CD5C   445 0001:0014CD96   446 0001:0014CDAA
   447 0001:0014CDC9   442 0001:0014CDCC   449 0001:0014CDD1   451 0001:0014CE1F
   453 0001:0014CE59   455 0001:0014CE5C   456 0001:0014CE7E   457 0001:0014CE84
   458 0001:0014CE9D   460 0001:0014CEB8   462 0001:0014CED3   463 0001:0014CEEC
   467 0001:0014CF03   469 0001:0014CF45   475 0001:0014D044   477 0001:0014D06B
   478 0001:0014D08D   480 0001:0014D093   481 0001:0014D0AB   482 0001:0014D0CF
   490 0001:0014D0E0   491 0001:0014D0FE   493 0001:0014D112   494 0001:0014D1BE
   504 0001:0014D1D0   505 0001:0014D1FC   506 0001:0014D20C   509 0001:0014D219
   510 0001:0014D22E   512 0001:0014D243   514 0001:0014D26D   516 0001:0014D284
   517 0001:0014D291   519 0001:0014D2BB   521 0001:0014D2EB   522 0001:0014D2F8
   524 0001:0014D322   526 0001:0014D339   527 0001:0014D346   529 0001:0014D370
   531 0001:0014D3A0   533 0001:0014D3AD   534 0001:0014D3ED   507 0001:0014D3F5
   536 0001:0014D405   537 0001:0014D48D   544 0001:0014D544   545 0001:0014D575
   546 0001:0014D585   549 0001:0014D58F   551 0001:0014D5A4   552 0001:0014D5B7
   553 0001:0014D5C2   547 0001:0014D5CA   555 0001:0014D5D6   556 0001:0014D65E
   573 0001:0014D6B0   574 0001:0014D6D3   576 0001:0014D721   578 0001:0014D726
   580 0001:0014D774   583 0001:0014D782   585 0001:0014D786   586 0001:0014D796
   587 0001:0014D7A6   590 0001:0014D7BE   591 0001:0014D7D3   592 0001:0014D7E9
   594 0001:0014D837   595 0001:0014D83B   588 0001:0014D83D   598 0001:0014D84D
   600 0001:0014D857   601 0001:0014D867   602 0001:0014D877   605 0001:0014D892
   606 0001:0014D8A7   607 0001:0014D8B7   608 0001:0014D8C6   610 0001:0014D8D1
   612 0001:0014D8DD   614 0001:0014D92B   615 0001:0014D92F   603 0001:0014D931
   620 0001:0014D941   621 0001:0014D947   626 0001:0014D95D   627 0001:0014D96A
   628 0001:0014D976   629 0001:0014D999   630 0001:0014D9AE   631 0001:0014D9C4
   632 0001:0014D9DF   633 0001:0014D9FA   636 0001:0014DA17   637 0001:0014DA2D
   638 0001:0014DA48   639 0001:0014DA63   642 0001:0014DA7E   643 0001:0014DA8C
   645 0001:0014DAB7   647 0001:0014DABA   648 0001:0014DAD1   653 0001:0014DADB
   655 0001:0014DAED   656 0001:0014DB04   658 0001:0014DB11   660 0001:0014DB29
   662 0001:0014DB52   663 0001:0014DB8C   664 0001:0014DBAF   665 0001:0014DBD2
   666 0001:0014DC04   668 0001:0014DC5F   669 0001:0014DC71   671 0001:0014DC82
   673 0001:0014DC9B   674 0001:0014DCC8   675 0001:0014DCDE   677 0001:0014DCF1
   679 0001:0014DD0A   680 0001:0014DD37   681 0001:0014DD4D   683 0001:0014DD60
   685 0001:0014DD7D   686 0001:0014DDAA   687 0001:0014DDD7   688 0001:0014DDED
   689 0001:0014DDFB   691 0001:0014DE27   693 0001:0014DE44   694 0001:0014DE71
   695 0001:0014DE9E   696 0001:0014DEB4   697 0001:0014DEC2   699 0001:0014DEEE
   701 0001:0014DF0B   702 0001:0014DF38   703 0001:0014DF65   704 0001:0014DF7B
   705 0001:0014DF89   707 0001:0014DFB5   709 0001:0014DFD2   710 0001:0014DFDA
   711 0001:0014DFEA   714 0001:0014DFFD   718 0001:0014E0B3   719 0001:0014E0C6
   720 0001:0014E0DE   712 0001:0014E0E6   723 0001:0014E103   726 0001:0014E113
   727 0001:0014E13A   728 0001:0014E150   730 0001:0014E163   732 0001:0014E180
   733 0001:0014E188   734 0001:0014E198   737 0001:0014E1AB   741 0001:0014E23F
   742 0001:0014E252   743 0001:0014E26A   735 0001:0014E272   746 0001:0014E28F
   749 0001:0014E29F   750 0001:0014E2C6   751 0001:0014E2DC   754 0001:0014E308
   756 0001:0014E30B   757 0001:0014E318   758 0001:0014E346   759 0001:0014E35F
   760 0001:0014E36D   764 0001:0014E37C   766 0001:0014E38D   768 0001:0014E3E7
   770 0001:0014E441   772 0001:0014E44F   773 0001:0014E460   776 0001:0014E46B
   777 0001:0014E4D5   779 0001:0014E4DD   780 0001:0014E517   783 0001:0014E5C4
   785 0001:0014E5EC   786 0001:0014E612   788 0001:0014E695   789 0001:0014E69B
   790 0001:0014E7A8   795 0001:0014ECB8   797 0001:0014ECC2   800 0001:0014ECD1
   801 0001:0014ECE1   803 0001:0014ECEA   805 0001:0014ECFE   806 0001:0014ED0B
   807 0001:0014ED17   808 0001:0014ED26   810 0001:0014ED47   811 0001:0014ED54
   812 0001:0014ED60   813 0001:0014ED6F   817 0001:0014ED79   820 0001:0014ED8F
   823 0001:0014EE14   824 0001:0014EE2B   827 0001:0014EE37   828 0001:0014EE53
   831 0001:0014EE5C   832 0001:0014EE73   834 0001:0014EE84   835 0001:0014EEA0
   838 0001:0014EEAC   839 0001:0014EEC3   841 0001:0014EECF   842 0001:0014EEEB
   845 0001:0014EEF4   846 0001:0014EF0B   847 0001:0014EF17   848 0001:0014EF25
   850 0001:0014EF3A   852 0001:0014EF64   855 0001:0014EF6C   856 0001:0014EF83
   857 0001:0014EF8F   858 0001:0014EF9D   860 0001:0014EFB2   862 0001:0014EFDC
   865 0001:0014EFE4   866 0001:0014EFFB   868 0001:0014F007   869 0001:0014F023
   872 0001:0014F02C   873 0001:0014F043   875 0001:0014F04F   876 0001:0014F06B
   879 0001:0014F074   880 0001:0014F096   882 0001:0014F0AC   883 0001:0014F0BA
   884 0001:0014F0C4   885 0001:0014F0F6   886 0001:0014F105   888 0001:0014F177
   891 0001:0014F1B8   892 0001:0014F1DA   894 0001:0014F1F0   895 0001:0014F1FE
   896 0001:0014F23C   897 0001:0014F24B   898 0001:0014F255   900 0001:0014F2C7
   904 0001:0014F304   905 0001:0014F32F   906 0001:0014F33C   907 0001:0014F348
   909 0001:0014F388   910 0001:0014F3A1   911 0001:0014F3AF   913 0001:0014F3B7
   914 0001:0014F3C4   915 0001:0014F3D0   916 0001:0014F439   926 0001:0014F4BC
   927 0001:0014F4FB   928 0001:0014F508   929 0001:0014F514   931 0001:0014F554
   932 0001:0014F56D   933 0001:0014F57C   934 0001:0014F587   935 0001:0014F595
   936 0001:0014F59B   938 0001:0014F5AE   939 0001:0014F5D1   940 0001:0014F5D8
   936 0001:0014F5DB   941 0001:0014F5E0   942 0001:0014F5EE   943 0001:0014F5FA
   945 0001:0014F612   946 0001:0014F61D   949 0001:0014F62D   950 0001:0014F63A
   951 0001:0014F646   952 0001:0014F6CC   955 0001:0014F754   956 0001:0014F774
   958 0001:0014F783   959 0001:0014F7C1   961 0001:0014F7D0   963 0001:0014F7E9
   964 0001:0014F7F6   965 0001:0014F802   967 0001:0014F825   969 0001:0014F837
   970 0001:0014F845   972 0001:0014F872   975 0001:0014F89C   976 0001:0014F8BB
   977 0001:0014F90B   978 0001:0014F972   981 0001:0014F9C0   982 0001:0014F9E0
   984 0001:0014F9EC   985 0001:0014F9F8   987 0001:0014FA0F   988 0001:0014FA1C
   989 0001:0014FA28   990 0001:0014FA54   992 0001:0014FA7B   995 0001:0014FAC8
   996 0001:0014FAD4   997 0001:0014FAE5  1000 0001:0014FAEC  1001 0001:0014FB03
  1002 0001:0014FB2A  1005 0001:0014FB34  1006 0001:0014FB4B  1007 0001:0014FB65
  1008 0001:0014FB8A  1010 0001:0014FBC4  1011 0001:0014FBCD  1013 0001:0014FBF1

Line numbers for fdcConsts(fdcConsts.pas) segment .text

    27 0001:0014FCA0    27 0001:0014FCA7

Line numbers for fdcUtils(fdcUtils.pas) segment .text

   567 0001:0014FCA8   569 0001:0014FCEA   570 0001:0014FCFC   569 0001:0014FD0D
   573 0001:0014FD12   576 0001:0014FD22   577 0001:0014FD2D   579 0001:0014FD3B
   587 0001:0014FD56   588 0001:0014FD63   595 0001:0014FD85   597 0001:0014FDA3
   602 0001:0014FDEC   603 0001:0014FE06   608 0001:0014FE38   602 0001:0014FE4C
   613 0001:0014FE5E   615 0001:0014FE9B   619 0001:0014FF04   620 0001:0014FF38
   621 0001:0014FF7F   624 0001:0014FF8C   625 0001:0014FF95   626 0001:0014FFB2
  1173 0001:0014FFFC  1174 0001:00150005  1176 0001:0015000C

Line numbers for TRollingFileAppenderUnit(Source\TRollingFileAppenderUnit.pas) segment .text

    76 0001:001500DC    77 0001:001500F7    78 0001:00150110    79 0001:00150119
    80 0001:00150141    84 0001:00150148    85 0001:00150154    86 0001:0015015A
    87 0001:00150163    90 0001:00150168    91 0001:0015016F    92 0001:0015017F
    93 0001:0015018E    98 0001:00150194    99 0001:001501C1   100 0001:001501CF
   102 0001:001501D9   104 0001:001501F9   108 0001:00150226   112 0001:00150253
   116 0001:00150280   121 0001:0015028F   122 0001:0015029F   123 0001:001502D7
   137 0001:001502DC   139 0001:001502FE   143 0001:0015030B   144 0001:00150340
   149 0001:00150371   151 0001:00150380   153 0001:001503A6   155 0001:001503B2
   158 0001:001503E4   149 0001:001503E7   161 0001:001503ED   162 0001:001503F8
   164 0001:00150400   168 0001:00150423   169 0001:00150432   170 0001:0015043D
   174 0001:00150445   176 0001:001504B2   179 0001:001504E4   180 0001:001504ED
   181 0001:001504F9   184 0001:00150500   185 0001:00150509   186 0001:0015051E
   202 0001:00150524   203 0001:00150533   205 0001:00150541   206 0001:0015054F
   208 0001:00150555   209 0001:00150566   210 0001:00150573   211 0001:00150584
   215 0001:001505A5   216 0001:001505AD   219 0001:001505E8   220 0001:001505F4
   221 0001:001505FF   222 0001:0015061B   224 0001:00150623   226 0001:00150658
   227 0001:00150661   230 0001:0015066B

Line numbers for armtisvr(armtisvr.dpr) segment .text

    32 0001:00150A64    33 0001:00150A91    34 0001:00150AB8    35 0001:00150ACE
    36 0001:00150AFC    43 0001:00150B11    44 0001:00150B1D    45 0001:00150B2E
    46 0001:00150B46    48 0001:00150B56    49 0001:00150B6E    58 0001:00150B7C
    60 0001:00150B88    61 0001:00150BA0    63 0001:00150BAC    64 0001:00150BE4

Bound resource files

Buttons.res
ExtDlgs.res
Controls.res
FileCtrl.res
..\Library\DOA\OracleLogon.dfm
..\Library\DOA\OracleSelForm.dfm
..\Library\VKDBF\DBF.res
Unit2.dfm
Unit1.dfm
Service.DFM
Unit4.DFM
..\Library\DX\dxtree.res
armtisvr.tlb
armtisvr.res
C:\Users\KOVALC~1\AppData\Local\Temp\dtfD30.tmp


Program entry point at 0001:00150A64
